
 Start         Length     Name                   Class
 0001:00000000 0015B5E4H .text                   CODE
 0002:00000000 00001F94H .data                   DATA
 0002:00001F94 00000B9DH .bss                    BSS


Detailed map of segments

 0001:00000000 0000940C C=CODE     S=.text    G=(none)   M=System   ACBP=A9
 0001:0000940C 00000250 C=CODE     S=.text    G=(none)   M=SysInit  ACBP=A9
 0001:0000965C 00000F94 C=CODE     S=.text    G=(none)   M=Windows  ACBP=A9
 0001:0000A5F0 00000348 C=CODE     S=.text    G=(none)   M=SysConst ACBP=A9
 0001:0000A938 00009E60 C=CODE     S=.text    G=(none)   M=SysUtils ACBP=A9
 0001:00014798 00000038 C=CODE     S=.text    G=(none)   M=Messages ACBP=A9
 0001:000147D0 00001CD0 C=CODE     S=.text    G=(none)   M=ActiveX  ACBP=A9
 0001:000164A0 000000A0 C=CODE     S=.text    G=(none)   M=ComConst ACBP=A9
 0001:00016540 0000404D C=CODE     S=.text    G=(none)   M=ComObj   ACBP=A9
 0001:0001A590 0000201C C=CODE     S=.text    G=(none)   M=Math     ACBP=A9
 0001:0001C5AC 00000B34 C=CODE     S=.text    G=(none)   M=Commctrl ACBP=A9
 0001:0001D0E0 00000038 C=CODE     S=.text    G=(none)   M=ShellAPI ACBP=A9
 0001:0001D118 00000038 C=CODE     S=.text    G=(none)   M=RegStr   ACBP=A9
 0001:0001D150 00000038 C=CODE     S=.text    G=(none)   M=WinInet  ACBP=A9
 0001:0001D188 00000038 C=CODE     S=.text    G=(none)   M=UrlMon   ACBP=A9
 0001:0001D1C0 00000068 C=CODE     S=.text    G=(none)   M=ShlObj   ACBP=A9
 0001:0001D228 00000070 C=CODE     S=.text    G=(none)   M=CommDlg  ACBP=A9
 0001:0001D298 00000038 C=CODE     S=.text    G=(none)   M=Ddeml    ACBP=A9
 0001:0001D2D0 00000038 C=CODE     S=.text    G=(none)   M=Dlgs     ACBP=A9
 0001:0001D308 00000038 C=CODE     S=.text    G=(none)   M=Imm      ACBP=A9
 0001:0001D340 00000038 C=CODE     S=.text    G=(none)   M=Isapi    ACBP=A9
 0001:0001D378 00000038 C=CODE     S=.text    G=(none)   M=Isapi2   ACBP=A9
 0001:0001D3B0 00000038 C=CODE     S=.text    G=(none)   M=LZExpand ACBP=A9
 0001:0001D3E8 00000670 C=CODE     S=.text    G=(none)   M=Mapi     ACBP=A9
 0001:0001DA58 00000038 C=CODE     S=.text    G=(none)   M=MMSystem ACBP=A9
 0001:0001DA90 00000138 C=CODE     S=.text    G=(none)   M=WinSock  ACBP=A9
 0001:0001DBC8 00000038 C=CODE     S=.text    G=(none)   M=NSApi    ACBP=A9
 0001:0001DC00 0000018C C=CODE     S=.text    G=(none)   M=OleDlg   ACBP=A9
 0001:0001DD8C 00000038 C=CODE     S=.text    G=(none)   M=PenWin   ACBP=A9
 0001:0001DDC4 00000038 C=CODE     S=.text    G=(none)   M=RichEdit ACBP=A9
 0001:0001DDFC 00000038 C=CODE     S=.text    G=(none)   M=TLHelp32 ACBP=A9
 0001:0001DE34 00000058 C=CODE     S=.text    G=(none)   M=WinSpool ACBP=A9
 0001:0001DE8C 00000078 C=CODE     S=.text    G=(none)   M=WinSvc   ACBP=A9
 0001:0001DF04 0000036B C=CODE     S=.text    G=(none)   M=FlatSB   ACBP=A9
 0001:0001E270 000007AB C=CODE     S=.text    G=(none)   M=MultiMon ACBP=A9
 0001:0001EA1C 00000038 C=CODE     S=.text    G=(none)   M=AccCtrl  ACBP=A9
 0001:0001EA54 00000038 C=CODE     S=.text    G=(none)   M=AclApi   ACBP=A9
 0001:0001EA8C 000009A0 C=CODE     S=.text    G=(none)   M=Consts   ACBP=A9
 0001:0001F42C 00001C40 C=CODE     S=.text    G=(none)   M=TypInfo  ACBP=A9
 0001:0002106C 0000F86F C=CODE     S=.text    G=(none)   M=Classes  ACBP=A9
 0001:000308DC 0000AC33 C=CODE     S=.text    G=(none)   M=Graphics ACBP=A9
 0001:0003B510 00000928 C=CODE     S=.text    G=(none)   M=Contnrs  ACBP=A9
 0001:0003BE38 000017E0 C=CODE     S=.text    G=(none)   M=Printers ACBP=A9
 0001:0003D618 0000BB84 C=CODE     S=.text    G=(none)   M=StdCtrls ACBP=A9
 0001:0004919C 00000B70 C=CODE     S=.text    G=(none)   M=Clipbrd  ACBP=A9
 0001:00049D0C 0000148C C=CODE     S=.text    G=(none)   M=StdActns ACBP=A9
 0001:0004B198 00001390 C=CODE     S=.text    G=(none)   M=ActnList ACBP=A9
 0001:0004C528 0000E87B C=CODE     S=.text    G=(none)   M=Forms    ACBP=A9
 0001:0005ADA4 00002650 C=CODE     S=.text    G=(none)   M=ImgList  ACBP=A9
 0001:0005D3F4 00006A8B C=CODE     S=.text    G=(none)   M=Menus    ACBP=A9
 0001:00063E80 0001057C C=CODE     S=.text    G=(none)   M=Controls ACBP=A9
 0001:000743FC 0000A680 C=CODE     S=.text    G=(none)   M=ExtCtrls ACBP=A9
 0001:0007EA7C 00003311 C=CODE     S=.text    G=(none)   M=Buttons  ACBP=A9
 0001:00081D90 00000D64 C=CODE     S=.text    G=(none)   M=ToolWin  ACBP=A9
 0001:00082AF4 00000140 C=CODE     S=.text    G=(none)   M=ComStrs  ACBP=A9
 0001:00082C34 0002A810 C=CODE     S=.text    G=(none)   M=ComCtrls ACBP=A9
 0001:000AD444 00004289 C=CODE     S=.text    G=(none)   M=Dialogs  ACBP=A9
 0001:000B16D0 00003464 C=CODE     S=.text    G=(none)   M=Mask     ACBP=A9
 0001:000B4B34 000093B8 C=CODE     S=.text    G=(none)   M=Grids    ACBP=A9
 0001:000BDEEC 000015D0 C=CODE     S=.text    G=(none)   M=IniFiles ACBP=A9
 0001:000BF4BC 000000C8 C=CODE     S=.text    G=(none)   M=OleConst ACBP=A9
 0001:000BF584 000058B6 C=CODE     S=.text    G=(none)   M=OleCtnrs ACBP=A9
 0001:000C4E3C 0000015C C=CODE     S=.text    G=(none)   M=StdVCL   ACBP=A9
 0001:000C4F98 00009CFB C=CODE     S=.text    G=(none)   M=AxCtrls  ACBP=A9
 0001:000CEC94 00004C34 C=CODE     S=.text    G=(none)   M=OleCtrls ACBP=A9
 0001:000D38C8 00000A04 C=CODE     S=.text    G=(none)   M=OleServer ACBP=A9
 0001:000D42CC 00002AC0 C=CODE     S=.text    G=(none)   M=Registry ACBP=A9
 0001:000D6D8C 00000859 C=CODE     S=.text    G=(none)   M=VCLCom   ACBP=A9
 0001:000D75E8 00000D14 C=CODE     S=.text    G=(none)   M=ExtDlgs  ACBP=A9
 0001:000D82FC 00000828 C=CODE     S=.text    G=(none)   M=Masks    ACBP=A9
 0001:000D8B24 00007F5C C=CODE     S=.text    G=(none)   M=DsgnIntf ACBP=A9
 0001:000E0A80 00000198 C=CODE     S=.text    G=(none)   M=VirtIntf ACBP=A9
 0001:000E0C18 00000CA4 C=CODE     S=.text    G=(none)   M=EditIntf ACBP=A9
 0001:000E18BC 000000FC C=CODE     S=.text    G=(none)   M=FileIntf ACBP=A9
 0001:000E19B8 00000744 C=CODE     S=.text    G=(none)   M=ToolIntf ACBP=A9
 0001:000E20FC 00000180 C=CODE     S=.text    G=(none)   M=Exptintf ACBP=A9
 0001:000E227C 00001BA8 C=CODE     S=.text    G=(none)   M=ToolsAPI ACBP=A9
 0001:000E3E24 0000117C C=CODE     S=.text    G=(none)   M=LibIntf  ACBP=A9
 0001:000E4FA0 000009DC C=CODE     S=.text    G=(none)   M=DsgnWnds ACBP=A9
 0001:000E597C 00000038 C=CODE     S=.text    G=(none)   M=LibHelp  ACBP=A9
 0001:000E59B4 00000714 C=CODE     S=.text    G=(none)   M=IStreams ACBP=A9
 0001:000E60C8 0000065F C=CODE     S=.text    G=(none)   M=Proxies  ACBP=A9
 0001:000E6728 00000038 C=CODE     S=.text    G=(none)   M=CPL      ACBP=A9
 0001:000E6760 00000220 C=CODE     S=.text    G=(none)   M=Imagehlp ACBP=A9
 0001:000E6980 00000500 C=CODE     S=.text    G=(none)   M=SyncObjs ACBP=A9
 0001:000E6E80 00004440 C=CODE     S=.text    G=(none)   M=ScktComp ACBP=A9
 0001:000EB2C0 00002565 C=CODE     S=.text    G=(none)   M=SvcMgr   ACBP=A9
 0001:000ED828 00000528 C=CODE     S=.text    G=(none)   M=Mtx      ACBP=A9
 0001:000EDD50 00000F0F C=CODE     S=.text    G=(none)   M=AppEvnts ACBP=A9
 0001:000EEC60 00000305 C=CODE     S=.text    G=(none)   M=Vcl50    ACBP=A9
 0002:00000000 0000010E C=DATA     S=.data    G=DGROUP   M=System   ACBP=A9
 0002:00000110 00000028 C=DATA     S=.data    G=DGROUP   M=SysInit  ACBP=A9
 0002:00000138 0000024C C=DATA     S=.data    G=DGROUP   M=SysUtils ACBP=A9
 0002:00000384 000001B0 C=DATA     S=.data    G=DGROUP   M=ActiveX  ACBP=A9
 0002:00000534 0000003C C=DATA     S=.data    G=DGROUP   M=ComObj   ACBP=A9
 0002:00000570 00000010 C=DATA     S=.data    G=DGROUP   M=Math     ACBP=A9
 0002:00000580 00000039 C=DATA     S=.data    G=DGROUP   M=Mapi     ACBP=A9
 0002:000005BC 00000010 C=DATA     S=.data    G=DGROUP   M=TypInfo  ACBP=A9
 0002:000005CC 000000B8 C=DATA     S=.data    G=DGROUP   M=Classes  ACBP=A9
 0002:00000684 000002E0 C=DATA     S=.data    G=DGROUP   M=Graphics ACBP=A9
 0002:00000964 0000000C C=DATA     S=.data    G=DGROUP   M=Printers ACBP=A9
 0002:00000970 00000138 C=DATA     S=.data    G=DGROUP   M=StdCtrls ACBP=A9
 0002:00000AA8 00000004 C=DATA     S=.data    G=DGROUP   M=StdActns ACBP=A9
 0002:00000AAC 00000010 C=DATA     S=.data    G=DGROUP   M=ActnList ACBP=A9
 0002:00000ABC 0000014C C=DATA     S=.data    G=DGROUP   M=Forms    ACBP=A9
 0002:00000C08 0000004C C=DATA     S=.data    G=DGROUP   M=ImgList  ACBP=A9
 0002:00000C54 000000EC C=DATA     S=.data    G=DGROUP   M=Menus    ACBP=A9
 0002:00000D40 0000012C C=DATA     S=.data    G=DGROUP   M=Controls ACBP=A9
 0002:00000E6C 00000030 C=DATA     S=.data    G=DGROUP   M=ExtCtrls ACBP=A9
 0002:00000E9C 0000009E C=DATA     S=.data    G=DGROUP   M=Buttons  ACBP=A9
 0002:00000F3C 00000020 C=DATA     S=.data    G=DGROUP   M=ToolWin  ACBP=A9
 0002:00000F5C 000002F8 C=DATA     S=.data    G=DGROUP   M=ComCtrls ACBP=A9
 0002:00001254 000001A8 C=DATA     S=.data    G=DGROUP   M=Dialogs  ACBP=A9
 0002:000013FC 00000010 C=DATA     S=.data    G=DGROUP   M=Mask     ACBP=A9
 0002:0000140C 00000006 C=DATA     S=.data    G=DGROUP   M=Grids    ACBP=A9
 0002:00001414 00000008 C=DATA     S=.data    G=DGROUP   M=IniFiles ACBP=A9
 0002:0000141C 00000014 C=DATA     S=.data    G=DGROUP   M=OleCtnrs ACBP=A9
 0002:00001430 00000040 C=DATA     S=.data    G=DGROUP   M=StdVCL   ACBP=A9
 0002:00001470 0000004C C=DATA     S=.data    G=DGROUP   M=AxCtrls  ACBP=A9
 0002:000014BC 00000034 C=DATA     S=.data    G=DGROUP   M=OleCtrls ACBP=A9
 0002:000014F0 00000008 C=DATA     S=.data    G=DGROUP   M=Registry ACBP=A9
 0002:000014F8 00000194 C=DATA     S=.data    G=DGROUP   M=DsgnIntf ACBP=A9
 0002:0000168C 00000008 C=DATA     S=.data    G=DGROUP   M=Exptintf ACBP=A9
 0002:00001694 00000004 C=DATA     S=.data    G=DGROUP   M=ToolsAPI ACBP=A9
 0002:00001698 00000008 C=DATA     S=.data    G=DGROUP   M=LibIntf  ACBP=A9
 0002:000016A0 00000006 C=DATA     S=.data    G=DGROUP   M=DsgnWnds ACBP=A9
 0002:000016A8 00000004 C=DATA     S=.data    G=DGROUP   M=IStreams ACBP=A9
 0002:000016AC 00000069 C=DATA     S=.data    G=DGROUP   M=SvcMgr   ACBP=A9
 0002:00001718 00000039 C=DATA     S=.data    G=DGROUP   M=Mtx      ACBP=A9
 0002:00001754 00000004 C=DATA     S=.data    G=DGROUP   M=AppEvnts ACBP=A9
 0002:00002000 000004D4 C=BSS      S=.bss     G=DGROUP   M=System   ACBP=A9
 0002:000024D4 00000018 C=BSS      S=.bss     G=DGROUP   M=SysInit  ACBP=A9
 0002:000024EC 00000004 C=BSS      S=.bss     G=DGROUP   M=Windows  ACBP=A9
 0002:000024F0 00000004 C=BSS      S=.bss     G=DGROUP   M=SysConst ACBP=A9
 0002:000024F4 0000011C C=BSS      S=.bss     G=DGROUP   M=SysUtils ACBP=A9
 0002:00002610 00000004 C=BSS      S=.bss     G=DGROUP   M=Messages ACBP=A9
 0002:00002614 00000004 C=BSS      S=.bss     G=DGROUP   M=ActiveX  ACBP=A9
 0002:00002618 00000004 C=BSS      S=.bss     G=DGROUP   M=ComConst ACBP=A9
 0002:0000261C 00000011 C=BSS      S=.bss     G=DGROUP   M=ComObj   ACBP=A9
 0002:00002630 00000004 C=BSS      S=.bss     G=DGROUP   M=Math     ACBP=A9
 0002:00002634 0000000C C=BSS      S=.bss     G=DGROUP   M=Commctrl ACBP=A9
 0002:00002640 00000004 C=BSS      S=.bss     G=DGROUP   M=ShellAPI ACBP=A9
 0002:00002644 00000004 C=BSS      S=.bss     G=DGROUP   M=RegStr   ACBP=A9
 0002:00002648 00000004 C=BSS      S=.bss     G=DGROUP   M=WinInet  ACBP=A9
 0002:0000264C 00000004 C=BSS      S=.bss     G=DGROUP   M=UrlMon   ACBP=A9
 0002:00002650 00000004 C=BSS      S=.bss     G=DGROUP   M=ShlObj   ACBP=A9
 0002:00002654 00000004 C=BSS      S=.bss     G=DGROUP   M=CommDlg  ACBP=A9
 0002:00002658 00000004 C=BSS      S=.bss     G=DGROUP   M=Ddeml    ACBP=A9
 0002:0000265C 00000004 C=BSS      S=.bss     G=DGROUP   M=Dlgs     ACBP=A9
 0002:00002660 00000004 C=BSS      S=.bss     G=DGROUP   M=Imm      ACBP=A9
 0002:00002664 00000004 C=BSS      S=.bss     G=DGROUP   M=Isapi    ACBP=A9
 0002:00002668 00000004 C=BSS      S=.bss     G=DGROUP   M=Isapi2   ACBP=A9
 0002:0000266C 00000004 C=BSS      S=.bss     G=DGROUP   M=LZExpand ACBP=A9
 0002:00002670 00000004 C=BSS      S=.bss     G=DGROUP   M=Mapi     ACBP=A9
 0002:00002674 00000004 C=BSS      S=.bss     G=DGROUP   M=MMSystem ACBP=A9
 0002:00002678 00000004 C=BSS      S=.bss     G=DGROUP   M=WinSock  ACBP=A9
 0002:0000267C 00000004 C=BSS      S=.bss     G=DGROUP   M=NSApi    ACBP=A9
 0002:00002680 00000004 C=BSS      S=.bss     G=DGROUP   M=OleDlg   ACBP=A9
 0002:00002684 00000004 C=BSS      S=.bss     G=DGROUP   M=PenWin   ACBP=A9
 0002:00002688 00000004 C=BSS      S=.bss     G=DGROUP   M=RichEdit ACBP=A9
 0002:0000268C 00000004 C=BSS      S=.bss     G=DGROUP   M=TLHelp32 ACBP=A9
 0002:00002690 00000004 C=BSS      S=.bss     G=DGROUP   M=WinSpool ACBP=A9
 0002:00002694 00000004 C=BSS      S=.bss     G=DGROUP   M=WinSvc   ACBP=A9
 0002:00002698 00000034 C=BSS      S=.bss     G=DGROUP   M=FlatSB   ACBP=A9
 0002:000026CC 00000031 C=BSS      S=.bss     G=DGROUP   M=MultiMon ACBP=A9
 0002:00002700 00000004 C=BSS      S=.bss     G=DGROUP   M=AccCtrl  ACBP=A9
 0002:00002704 00000004 C=BSS      S=.bss     G=DGROUP   M=AclApi   ACBP=A9
 0002:00002708 00000004 C=BSS      S=.bss     G=DGROUP   M=Consts   ACBP=A9
 0002:0000270C 00000004 C=BSS      S=.bss     G=DGROUP   M=TypInfo  ACBP=A9
 0002:00002710 0000003C C=BSS      S=.bss     G=DGROUP   M=Classes  ACBP=A9
 0002:0000274C 00000060 C=BSS      S=.bss     G=DGROUP   M=Graphics ACBP=A9
 0002:000027AC 00000004 C=BSS      S=.bss     G=DGROUP   M=Contnrs  ACBP=A9
 0002:000027B0 00000004 C=BSS      S=.bss     G=DGROUP   M=Printers ACBP=A9
 0002:000027B4 00000004 C=BSS      S=.bss     G=DGROUP   M=StdCtrls ACBP=A9
 0002:000027B8 0000000C C=BSS      S=.bss     G=DGROUP   M=Clipbrd  ACBP=A9
 0002:000027C4 00000004 C=BSS      S=.bss     G=DGROUP   M=StdActns ACBP=A9
 0002:000027C8 00000004 C=BSS      S=.bss     G=DGROUP   M=ActnList ACBP=A9
 0002:000027CC 00000024 C=BSS      S=.bss     G=DGROUP   M=Forms    ACBP=A9
 0002:000027F0 00000004 C=BSS      S=.bss     G=DGROUP   M=ImgList  ACBP=A9
 0002:000027F4 00000010 C=BSS      S=.bss     G=DGROUP   M=Menus    ACBP=A9
 0002:00002804 00000070 C=BSS      S=.bss     G=DGROUP   M=Controls ACBP=A9
 0002:00002874 00000004 C=BSS      S=.bss     G=DGROUP   M=ExtCtrls ACBP=A9
 0002:00002878 00000030 C=BSS      S=.bss     G=DGROUP   M=Buttons  ACBP=A9
 0002:000028A8 00000004 C=BSS      S=.bss     G=DGROUP   M=ToolWin  ACBP=A9
 0002:000028AC 00000004 C=BSS      S=.bss     G=DGROUP   M=ComStrs  ACBP=A9
 0002:000028B0 00000034 C=BSS      S=.bss     G=DGROUP   M=ComCtrls ACBP=A9
 0002:000028E4 0000003C C=BSS      S=.bss     G=DGROUP   M=Dialogs  ACBP=A9
 0002:00002920 00000004 C=BSS      S=.bss     G=DGROUP   M=Mask     ACBP=A9
 0002:00002924 00000004 C=BSS      S=.bss     G=DGROUP   M=Grids    ACBP=A9
 0002:00002928 00000004 C=BSS      S=.bss     G=DGROUP   M=IniFiles ACBP=A9
 0002:0000292C 00000004 C=BSS      S=.bss     G=DGROUP   M=OleConst ACBP=A9
 0002:00002930 00000040 C=BSS      S=.bss     G=DGROUP   M=OleCtnrs ACBP=A9
 0002:00002970 00000004 C=BSS      S=.bss     G=DGROUP   M=StdVCL   ACBP=A9
 0002:00002974 0000001C C=BSS      S=.bss     G=DGROUP   M=AxCtrls  ACBP=A9
 0002:00002990 00000004 C=BSS      S=.bss     G=DGROUP   M=OleCtrls ACBP=A9
 0002:00002994 00000004 C=BSS      S=.bss     G=DGROUP   M=OleServer ACBP=A9
 0002:00002998 00000004 C=BSS      S=.bss     G=DGROUP   M=Registry ACBP=A9
 0002:0000299C 00000004 C=BSS      S=.bss     G=DGROUP   M=VCLCom   ACBP=A9
 0002:000029A0 00000004 C=BSS      S=.bss     G=DGROUP   M=ExtDlgs  ACBP=A9
 0002:000029A4 00000004 C=BSS      S=.bss     G=DGROUP   M=Masks    ACBP=A9
 0002:000029A8 0000000C C=BSS      S=.bss     G=DGROUP   M=DsgnIntf ACBP=A9
 0002:000029B4 00000004 C=BSS      S=.bss     G=DGROUP   M=VirtIntf ACBP=A9
 0002:000029B8 00000004 C=BSS      S=.bss     G=DGROUP   M=EditIntf ACBP=A9
 0002:000029BC 00000004 C=BSS      S=.bss     G=DGROUP   M=FileIntf ACBP=A9
 0002:000029C0 00000004 C=BSS      S=.bss     G=DGROUP   M=ToolIntf ACBP=A9
 0002:000029C4 00000004 C=BSS      S=.bss     G=DGROUP   M=Exptintf ACBP=A9
 0002:000029C8 00000008 C=BSS      S=.bss     G=DGROUP   M=ToolsAPI ACBP=A9
 0002:000029D0 00000008 C=BSS      S=.bss     G=DGROUP   M=LibIntf  ACBP=A9
 0002:000029D8 00000004 C=BSS      S=.bss     G=DGROUP   M=DsgnWnds ACBP=A9
 0002:000029DC 00000004 C=BSS      S=.bss     G=DGROUP   M=LibHelp  ACBP=A9
 0002:000029E0 00000004 C=BSS      S=.bss     G=DGROUP   M=IStreams ACBP=A9
 0002:000029E4 0000000C C=BSS      S=.bss     G=DGROUP   M=Proxies  ACBP=A9
 0002:000029F0 00000004 C=BSS      S=.bss     G=DGROUP   M=CPL      ACBP=A9
 0002:000029F4 00000004 C=BSS      S=.bss     G=DGROUP   M=Imagehlp ACBP=A9
 0002:000029F8 00000004 C=BSS      S=.bss     G=DGROUP   M=SyncObjs ACBP=A9
 0002:000029FC 00000194 C=BSS      S=.bss     G=DGROUP   M=ScktComp ACBP=A9
 0002:00002B90 00000004 C=BSS      S=.bss     G=DGROUP   M=SvcMgr   ACBP=A9
 0002:00002B94 00000004 C=BSS      S=.bss     G=DGROUP   M=Mtx      ACBP=A9
 0002:00002B98 00000004 C=BSS      S=.bss     G=DGROUP   M=AppEvnts ACBP=A9


  Address         Publics by Name

 0001:00013D10       .
 0001:000084D4       .
 0001:0000806C       .
 0001:00008524       .
 0001:00007BD0       .
 0002:000000CC       .
 0001:000088D4       .
 0002:000028E4       .01
 0002:00002974       .02
 0002:000027C4       .02
 0002:00002654       .1
 0002:00002650       .1
 0002:0000264C       .1
 0002:000029F4       .1
 0002:000029E4       .1
 0002:00002648       .1
 0002:00002644       .1
 0002:00002640       .1
 0002:0000292C       .1
 0002:0000267C       .1
 0002:00002634       .1
 0002:00002680       .1
 0002:00002684       .1
 0002:00002970       .1
 0002:00002688       .1
 0002:0000268C       .1
 0002:00002B94       .1
 0002:00002694       .1
 0002:000026B8       .1
 0002:00002618       .1
 0002:000026EC       .1
 0002:000024F0       .1
 0002:000028AC       .1
 0002:00002700       .1
 0002:00002704       .1
 0002:00002708       .1
 0002:000029DC       .1
 0002:00002610       .1
 0002:00002658       .1
 0002:0000265C       .1
 0002:00002660       .1
 0002:00002664       .1
 0002:000029F0       .1
 0002:00002668       .1
 0002:0000266C       .1
 0002:00002670       .1
 0002:000024E4       .1
 0002:00002678       .1
 0002:000029B4       .2
 0002:000029BC       .2
 0002:00002630       .2
 0002:0000299C       .2
 0002:000029A4       .2
 0002:000029D8       .2
 0002:000027BC       .2
 0002:0000280C       .22
 0002:000027B4       .22
 0002:000027B0       .3
 0002:000027F0       .3
 0002:00002994       .3
 0002:000024EC       .3
 0002:00002930       .3
 0002:000029CC       .3
 0002:000029A0       .3
 0002:000029C4       .3
 0002:00002B98       .3
 0002:00002878       .3
 0002:00002690       .3
 0002:00002614       .3
 0002:00002430       .3
 0002:000028A8       .4
 0002:00002928       .4
 0002:000029FC       .41
 0002:000025FC       .44
 0002:000028B0       .45
 0002:000029B0       .45
 0002:000029E0       .5
 0002:0000270C       .5
 0002:000029C0       .5
 0002:00002990       .5
 0002:00002998       .5
 0002:000027D4       .51
 0002:000029B8       .51
 0002:000029F8       .6
 0002:00002920       .6
 0002:0000261C       .61
 0002:00002874       .61
 0002:00002674       .7
 0002:00002B90       .7
 0002:000027C8       .7
 0002:00002750       .81
 0002:00002718       .84
 0002:000027FC       .9
 0002:00002924       .9
 0002:000027AC       .9
 0002:000029D4       .9
 0001:000022A8       @AbstractError
 0001:00004B38       @AddRef
 0001:00004A78       @AddRefArray
 0001:00004A4C       @AddRefRecord
 0001:00002E90       @AfterConstruction
 0001:0000851D       @Append
 0001:00002C60       @AsClass
 0001:00003A44       @Assert
 0001:00007DD2       @Assign
 0001:000023EC       @AStrCmp
 0001:00002E98       @BeforeDestruction
 0001:00007E74       @BlockRead
 0001:00007ED8       @BlockWrite
 0001:000029E0       @BoundErr
 0001:00002CC4       @CallDynaClass
 0001:00002CAC       @CallDynaInst
 0001:00001DBC       @ChDir
 0001:00007B0C       @CheckAutoResult
 0001:00002E38       @ClassCreate
 0001:00002E88       @ClassDestroy
 0001:00007F3C       @Close
 0001:00001DD8       @Copy
 0001:00004C78       @CopyArray
 0001:00004C60       @CopyObject
 0001:00004B44       @CopyRecord
 0001:00002214       @COS
 0001:00001E1C       @Delete
 0001:00004F24       @DispInvoke
 0001:00004F2C       @DispInvokeError
 0001:00004D80       @Dispose
 0001:000033C0       @DoneExcept
 0001:00006C58       @DynArrayAddRef
 0001:00006C30       @DynArrayAsg
 0001:00006BF4       @DynArrayClear
 0001:00006AE8       @DynArrayCopy
 0001:00006B00       @DynArrayCopyRange
 0001:00006928       @DynArrayHigh
 0001:00006920       @DynArrayLength
 0001:00006ADC       @DynArraySetLength
 0001:00007F78       @EofFile
 0001:00007FCC       @EofText
 0001:00008000       @Eoln
 0001:0000803C       @Erase
 0001:000034B4       @ExceptionHandler
 0001:00002224       @EXP
 0001:00008F80       @Ext2Real
 0001:000028CC       @Fail
 0001:000081CC       @FilePos
 0001:00008210       @FileSize
 0001:0000245C       @FillChar
 0001:00004A40       @Finalize
 0001:00004958       @FinalizeArray
 0001:0000492C       @FinalizeRecord
 0001:00002CF0       @FindDynaClass
 0001:00002CD8       @FindDynaInst
 0001:00007E4D       @Flush
 0001:000029D4       @FpuInit
 0001:00002910       @FpuMaskInit
 0001:00002264       @FRAC
 0001:00001C48       @FreeMem
 0001:000080E6       @FSafeDivide
 0001:000080E4       @FSafeDivideR
 0001:00001C30       @GetMem
 0001:000EEF38       @GetPackageInfoTable
 0001:00009510       @GetTls
 0001:00003A24       @Halt
 0001:00003904       @Halt0
 0001:00002FA4       @HandleAnyException
 0001:00003290       @HandleAutoException
 0001:00003258       @HandleFinally
 0001:000030D0       @HandleOnException
 0001:00004920       @Initialize
 0001:0000488C       @InitializeArray
 0001:00004860       @InitializeRecord
 0001:00003844       @InitImports
 0001:000095C0       @InitPkg
 0001:00003828       @InitResStringImports
 0001:0000380C       @InitResStrings
 0001:00003864       @InitWideStrings
 0001:00001F38       @Insert
 0001:0000223C       @INT
 0001:00007A70       @IntfAddRef
 0001:00007A44       @IntfCast
 0001:00007A10       @IntfClear
 0001:00007A28       @IntfCopy
 0001:00007B28       @IntfDispCall
 0001:00007B30       @IntfVarCall
 0001:000029E8       @IntOver
 0001:00002C48       @IsClass
 0001:000028E0       @isNECWindows
 0001:00001E4C       @LGetDir
 0001:00003F44       @LStrAddRef
 0001:00003B08       @LStrArrayClr
 0001:00003B38       @LStrAsg
 0001:00003D98       @LStrCat
 0001:00003DDC       @LStrCat3
 0001:00003E50       @LStrCatN
 0001:00003AE4       @LStrClr
 0001:00003EA0       @LStrCmp
 0001:00003F98       @LStrCopy
 0001:00003FD8       @LStrDelete
 0001:00003D24       @LStrFromArray
 0001:00003C8C       @LStrFromChar
 0001:00003CAC       @LStrFromPChar
 0001:00003BCC       @LStrFromPCharLen
 0001:00003CDC       @LStrFromPWChar
 0001:00003BFC       @LStrFromPWCharLen
 0001:00003D18       @LStrFromString
 0001:00003D3C       @LStrFromWArray
 0001:00003C9C       @LStrFromWChar
 0001:00003D58       @LStrFromWStr
 0001:00004020       @LStrInsert
 0001:00003B7C       @LStrLAsg
 0001:00003D90       @LStrLen
 0001:00004128       @LStrOfChar
 0001:0000407C       @LStrPos
 0001:000040C4       @LStrSetLength
 0001:00003F54       @LStrToPChar
 0001:00003D6C       @LStrToString
 0001:0000247C       @Mark
 0001:00001FB8       @MkDir
 0001:00004D6C       @New
 0001:00003BA8       @NewAnsiString
 0001:000045F4       @NewWideString
 0001:000028A8       @ObjCopy
 0001:00002848       @ObjSetup
 0001:0000584C       @OleVarFromLStr
 0001:000057FC       @OleVarFromPStr
 0001:000058D4       @OleVarFromVar
 0001:00003658       @PackageLoad
 0001:000EEF40       @PackageLoad
 0001:000EEF50       @PackageUnload
 0001:000036C8       @PackageUnload
 0001:00002148       @Pos
 0001:00008C7C       @Pow10
 0001:000022C4       @PStrCat
 0001:00002368       @PStrCmp
 0001:0000231C       @PStrCpy
 0001:000022EC       @PStrNCat
 0001:00002338       @PStrNCpy
 0001:0000336C       @RaiseAgain
 0001:00003350       @RaiseExcept
 0001:0000249C       @RandExt
 0001:00002484       @RandInt
 0001:0000829C       @ReadChar
 0001:00008373       @ReadCString
 0001:00008400       @ReadExt
 0001:00009254       @ReadInt64
 0001:00008458       @ReadLn
 0001:00008310       @ReadLong
 0001:0000417C       @ReadLString
 0001:00008250       @ReadRec
 0001:00008368       @ReadString
 0001:00008F50       @Real2Ext
 0001:00001C60       @ReallocMem
 0001:000024C0       @Release
 0001:00008480       @Rename
 0001:00008625       @ResetFile
 0001:0000850F       @ResetText
 0001:0000863C       @RewritFile
 0001:00008516       @RewritText
 0001:000021D8       @RmDir
 0001:00002280       @ROUND
 0001:00003A30       @Run0Error
 0001:00003A38       @RunError
 0001:0000865C       @Seek
 0001:00008690       @SeekEof
 0001:000086B0       @SeekEoln
 0001:00002714       @SetElem
 0001:00002790       @SetEq
 0001:00002828       @SetExpand
 0001:000027B4       @SetIntersect
 0001:000027C0       @SetIntersect3
 0001:000027A4       @SetLe
 0001:00002188       @SetLength
 0001:00002738       @SetRange
 0001:0000218C       @SetString
 0001:000027FC       @SetSub
 0001:0000280C       @SetSub3
 0001:000086D8       @SetTextBuf
 0001:000027D8       @SetUnion
 0001:000027E4       @SetUnion3
 0001:00001EC4       @SGetDir
 0001:00002254       @SIN
 0001:00003738       @StartExe
 0001:00003768       @StartLib
 0001:000088F4       @Str0Ext
 0001:000066B0       @Str0Int64
 0001:00002528       @Str0Long
 0001:00008900       @Str1Ext
 0001:00008907       @Str2Ext
 0001:000065F0       @StrInt64
 0001:000024C8       @StrLong
 0001:0000228C       @TRUNC
 0001:000086E8       @Truncate
 0001:000033F0       @TryFinallyExit
 0001:00008B78       @ValExt
 0001:000066FC       @ValInt64
 0001:00002534       @ValLong
 0001:00005CA8       @VarAdd
 0001:00006070       @VarAddRef
 0001:00005CE4       @VarAnd
 0001:0000640C       @VarArrayGet
 0001:000064A0       @VarArrayPut
 0001:000062A8       @VarArrayRedim
 0001:0000522C       @VarCast
 0001:00005320       @VarCastOle
 0001:00004F44       @VarClear
 0001:00006068       @VarClr
 0001:00005E60       @VarCmp
 0001:00004F88       @VarCopy
 0001:00006060       @VarCopyNoInd
 0001:00005CCC       @VarDiv
 0001:00005674       @VarFromBool
 0001:000056C4       @VarFromCurr
 0001:000057C4       @VarFromDisp
 0001:000057E8       @VarFromDynArray
 0001:0000565C       @VarFromInt
 0001:000057A0       @VarFromIntf
 0001:0000572C       @VarFromLStr
 0001:000056DC       @VarFromPStr
 0001:00005694       @VarFromReal
 0001:000056AC       @VarFromTDateTime
 0001:0000576C       @VarFromWStr
 0001:00005CD8       @VarMod
 0001:00005CC0       @VarMul
 0001:00005F70       @VarNeg
 0001:00006004       @VarNot
 0001:00005CF0       @VarOr
 0001:00005D20       @VarRDiv
 0001:00005D08       @VarShl
 0001:00005D14       @VarShr
 0001:00005CB4       @VarSub
 0001:000053A8       @VarToBool
 0001:00005438       @VarToCurr
 0001:0000561C       @VarToDisp
 0001:0000564C       @VarToDynArray
 0001:0000533C       @VarToInt
 0001:000055C8       @VarToIntf
 0001:000054E4       @VarToLStr
 0001:00005494       @VarToPStr
 0001:000053DC       @VarToReal
 0001:00005520       @VarToWStr
 0001:00005CFC       @VarXor
 0001:00002624       @Write0Bool
 0001:0000883B       @Write0Char
 0001:000088A4       @Write0CString
 0001:0000269C       @Write0Ext
 0001:000066F4       @Write0Int64
 0001:00002654       @Write0Long
 0001:00004154       @Write0LString
 0001:00008800       @Write0String
 0001:000061AC       @Write0Variant
 0001:00002690       @Write1Ext
 0001:0000265C       @Write2Ext
 0001:00002600       @WriteBool
 0001:0000875C       @WriteBytes
 0001:0000888D       @WriteChar
 0001:000088A8       @WriteCString
 0001:000066CC       @WriteInt64
 0001:00008827       @WriteLn
 0001:0000262C       @WriteLong
 0001:0000415C       @WriteLString
 0001:00008710       @WriteRec
 0001:000087C7       @WriteSpaces
 0001:0000880A       @WriteString
 0001:00006148       @WriteVariant
 0001:00004840       @WStrAddRef
 0001:00004218       @WStrArrayClr
 0001:0000423C       @WStrAsg
 0001:00004464       @WStrCat
 0001:000044C4       @WStrCat3
 0001:00004528       @WStrCatN
 0001:00004200       @WStrClr
 0001:00004570       @WStrCmp
 0001:0000460C       @WStrCopy
 0001:00004658       @WStrDelete
 0001:000043A0       @WStrFromArray
 0001:00004308       @WStrFromChar
 0001:000043D4       @WStrFromLStr
 0001:00004328       @WStrFromPChar
 0001:00004260       @WStrFromPCharLen
 0001:00004358       @WStrFromPWChar
 0001:000042E4       @WStrFromPWCharLen
 0001:00004394       @WStrFromString
 0001:000043B8       @WStrFromWArray
 0001:00004318       @WStrFromWChar
 0001:000046E8       @WStrInsert
 0001:00004458       @WStrLen
 0001:00004818       @WStrOfWChar
 0001:00004784       @WStrPos
 0001:000047D4       @WStrSetLength
 0001:00004448       @WStrToPWChar
 0001:000043E4       @WStrToString
 0001:000026E8       @_ArrayToPasStr
 0001:000026C4       @_CLenToPasStr
 0001:000026AC       @_CToPasStr
 0001:00007E28       @_Flush
 0001:00001D80       @_IOTest
 0001:00009012       @_lldiv
 0001:0000908A       @_lldivo
 0001:00009105       @_llmod
 0001:0000917F       @_llmodo
 0001:00008FCC       @_llmul
 0001:00008FEF       @_llmulo
 0001:000091FF       @_llshl
 0001:000090BC       @_lludiv
 0001:000091B1       @_llumod
 0001:00009237       @_llushr
 0001:00002700       @_PasToCStr
 0001:00010A68       Abort
 0001:00009A64       AbortDoc
 0001:0003C078       AbortProc
 0001:00066D50       AbsMin
 0001:00011200       AbstractErrorHandler
 0002:0000201C       AbstractErrorProc
 0001:0001EA4C       AccCtrl
 0001:0001DAA8       accept
 0002:000001B4       AccessMode
 0001:0001EA84       AclApi
 0002:000016B0       ActionStr
 0001:00009DB4       ActivateKeyboardLayout
 0002:00002834       ActiveDrag
 0001:000E4F14       ActiveForm
 0001:00016498       ActiveX
 0001:0004C520       ActnList
 0001:000006C8       AddBlockAfter
 0001:0007D384       AddControl
 0001:0000BF78       AddExitProc
 0001:00028794       AddFinished
 0001:0005F008       AddIn
 0001:0007D974       AddItem
 0001:0000784C       AddModuleUnloadProc
 0001:0000785C       AddModuleUnloadProc
 0001:000287CC       AddNotFinished
 0001:00062F7C       AddOle2
 0001:000E60C8       AddProxy
 0002:000005AC       Address
 0001:00012F70       AddTerminateProc
 0001:0002F2B8       AddThread
 0001:00034CE0       AdjustColor
 0001:0007987C       AdjustColors
 0001:0007C69C       AdjustControlRect
 0001:0009B49C       AdjustLineBreaks
 0001:0000C69C       AdjustLineBreaks
 0001:00050758       Adjustment
 0001:00009DBC       AdjustWindowRectEx
 0001:00012FCC       AL1
 0002:0000036C       AL1s
 0001:00012FDC       AL2
 0002:00000378       AL2s
 0002:00000E74       Alignments
 0002:00000A18       Alignments
 0002:0000142C       Alignments
 0002:000009B8       Alignments
 0002:00000978       Alignments
 0002:00000D18       Alignments
 0002:00000D28       Alignments
 0002:00000A84       Alignments
 0002:00000A28       Alignments
 0002:00000F90       AlignStyles
 0001:0006BEC0       AlignWork
 0001:00058084       AlignWork
 0001:00050184       AllocateHWnd
 0001:0002F230       AllocateWindow
 0001:000AEECC       AllocFilterStr
 0001:0000BF2C       AllocMem
 0002:00002428       AllocMemCount
 0002:0000242C       AllocMemSize
 0001:000E6334       AllocMethod
 0001:0003B308       AllocPatternBitmap
 0001:00013048       ALR
 0001:00012FF4       ALV
 0001:0002BDF0       AncestorValid
 0002:00000D48       AnchorAlign
 0001:0001A7F8       Annuity2
 0001:000E4C78       AnotherObject
 0001:00011A8C       AnsiCompareFileName
 0001:0000C1D8       AnsiCompareStr
 0001:0000C24C       AnsiCompareText
 0001:0000C59C       AnsiExtractQuotedStr
 0001:0000CE10       AnsiLastChar
 0001:00009DC4       AnsiLower
 0001:0000C1A4       AnsiLowerCase
 0001:00011AF4       AnsiLowerCaseFileName
 0001:00011A54       AnsiPos
 0001:0000C478       AnsiQuotedStr
 0001:00063CB4       AnsiSameCaption
 0001:0000C210       AnsiSameStr
 0001:0000C284       AnsiSameText
 0001:0000C2C0       AnsiStrComp
 0001:0000C2E0       AnsiStrIComp
 0001:0000CDE8       AnsiStrLastChar
 0001:0000C300       AnsiStrLComp
 0001:0000C320       AnsiStrLIComp
 0001:0000C340       AnsiStrLower
 0001:00011C0C       AnsiStrPos
 0001:00011CAC       AnsiStrRScan
 0001:00011CD4       AnsiStrScan
 0001:0000C350       AnsiStrUpper
 0001:0000C170       AnsiUpperCase
 0001:00011B80       AnsiUpperCaseFileName
 0001:000050B4       AnyChangeType
 0001:00005DC4       AnyCmp
 0001:000059C4       AnyOp
 0001:00005558       AnyToIntf
 0001:0000ED4C       AppendChars
 0001:0009C6E8       AppendConversionFormat
 0001:0000F114       AppendFormat
 0001:0000EDB0       AppendNumber
 0001:0000C01C       AppendStr
 0001:0000ED90       AppendString
 0001:000EEC3C       AppEvnts
 0002:000027CC       Application
 0002:000016AC       Application
 0002:00000C00       AppVisible
 0001:00009A6C       Arc
 0001:0001AA18       ArcCos
 0001:0001AE20       ArcCosh
 0001:0001AA58       ArcSin
 0001:0001AEB8       ArcSinh
 0001:0001AA98       ArcTan2
 0001:0001AF90       ArcTanh
 0001:0001A658       ArgError
 0002:000010A4       Arrangements
 0002:00001408       ArrowKey
 0001:000111E4       AssertErrorHandler
 0002:00002018       AssertErrorProc
 0001:00020B5C       AssignLongStr
 0001:0003C3B8       AssignPrn
 0001:0000BFFC       AssignStr
 0001:00020EA4       AssignVariant
 0001:00020BF0       AssignWideStr
 0002:00001050       ATickMarks
 0002:000010AC       AutoArrange
 0002:00001024       AutoExpandStyles
 0002:0000247C       avail
 0001:0003C218       AvgCharWidth
 0001:000CEC70       AxCtrls
 0001:0000D76C       BackfillGetDiskFreeSpaceEx
 0001:000696CC       BackgroundClipped
 0002:000011BC       BandBorderStyles
 0002:0000150C       BaseRegistryKey
 0002:00000074       BaseTypeMap
 0001:000116F8       Beep
 0001:00009DCC       BeginDeferWindowPos
 0001:00024144       BeginGlobalLoading
 0001:00009DD4       BeginPaint
 0001:00003A98       BeginThread
 0001:00034CEC       BetterSize
 0001:00079198       BevelLine
 0001:000790A8       BevelRect
 0001:0005FD98       BiDiDraw
 0001:0001DAB0       bind
 0001:0002CD58       BinToHex
 0001:00009A74       BitBlt
 0002:00000EC8       BitBtnCaptions
 0002:0000287C       BitBtnGlyphs
 0002:00000EF4       BitBtnModalResults
 0002:00000E9C       BitBtnResNames
 0002:00000918       BitCounts
 0002:000008F0       BitmapCanvasList
 0002:00002768       BitmapImageLock
 0002:0000063C       Blanks
 0001:000BD654       BlankStr
 0002:00000AE4       BlockCode
 0002:00002454       blockDescBlockList
 0002:00002458       blockDescFreeList
 0001:00001990       BlockSum
 0002:000005BC       BooleanIdents
 0002:00000A9C       Borders
 0002:000011DC       BorderStyles
 0002:00000B54       BorderStyles
 0002:00000FDC       BorderStyles
 0002:00000E6C       BorderStyles
 0002:00000970       BorderStyles
 0002:00000E84       BorderStyles
 0002:00001084       BorderStyles
 0002:000029C8       BorlandIDEServices
 0001:000238E0       Bounds
 0002:00000CC0       Breaks
 0002:000011E4       BreakStyles
 0001:00009DDC       BringWindowToTop
 0002:000027A0       BrushManager
 0001:000B61E0       Build
 0001:0006261C       BuildImage
 0002:000013A4       ButtonCaptions
 0002:00000F24       ButtonCount
 0002:000014E8       ButtonMap
 0002:00001378       ButtonNames
 0002:0000124C       ButtonPos
 0002:00000D3C       Buttons
 0001:00081D68       Buttons
 0002:0000117C       ButtonStates
 0002:00000A10       ButtonStyles
 0002:0000118C       ButtonStyles
 0002:00000FF4       ButtonStyles
 0002:000028F4       ButtonWidths
 0001:000344CC       BytesPerScanline
 0001:00034824       ByteSwapColors
 0001:000117DC       ByteToCharIndex
 0001:000117B4       ByteToCharLen
 0001:00011778       ByteType
 0001:00011700       ByteTypeTest
 0002:00000570       C1
 0002:000000C8       C10000
 0002:000005C8       C10000
 0002:00000578       C2
 0001:000B85FC       CalcAxis
 0001:000B92C8       CalcAxis
 0001:000B8838       CalcAxisState
 0001:000B8680       CalcFixedAxis
 0001:000500C0       CalcJmpOffset
 0001:000B8794       CalcMaxCell
 0001:000BA768       CalcPageExtents
 0001:000BA064       CalcScroll
 0001:000B96CC       CalcScrollBar
 0001:000A6CBC       CalcSize
 0001:000BA3C8       CalcSizeInfo
 0001:00073698       CalcSplitterPos
 0001:000B01C4       CallDefWndProc
 0001:000D1848       CallEventMethod
 0001:00009DE4       CallNextHookEx
 0001:00012F90       CallTerminateProcs
 0001:00009DEC       CallWindowProc
 0001:00067CC8       CancelDrag
 0002:000027A4       CanvasList
 0002:00002844       CanvasList
 0002:00001350       Captions
 0002:00000E00       CaptureControl
 0002:00000384       CATID_Designer
 0002:00000394       CATID_WebDesigntimeControl
 0002:00000C60       cBooleanToItemAutoFlag
 0001:0001AB58       Ceil
 0002:00001140       CenterStyles
 0001:000AE814       CenterWindow
 0001:000C05D0       CenterWindow
 0002:00002940       CFEmbeddedObject
 0002:00002944       CFLinkSource
 0002:0000293C       CFObjectDescriptor
 0002:000027BA       CF_COMPONENT
 0002:000029D0       CF_COMPONENTS
 0002:000027B8       CF_PICTURE
 0002:000023F0       ChangeAnyProc
 0001:00066300       ChangeBiDiModeAlignment
 0001:0000CE90       ChangeFileExt
 0001:000DFED4       ChangeIfNot
 0001:00005120       ChangeSourceAny
 0001:000E64E0       ChangeToProxyClass
 0002:00000998       CharCases
 0002:000009FC       CharCases
 0001:0003C0B0       CharHeight
 0001:00009DF4       CharLower
 0001:00009DFC       CharLowerBuff
 0001:00009E04       CharNext
 0001:0000047C       CharNext
 0001:00009E0C       CharPrev
 0001:000325F8       CharsetToIdent
 0001:000118A0       CharToByteIndex
 0001:00011904       CharToByteLen
 0001:00009E14       CharUpper
 0001:00009E1C       CharUpperBuff
 0001:000352B4       CheckBool
 0001:000DD0C8       CheckChainCall
 0001:00090954       CheckCommonControl
 0001:000E85B8       CheckError
 0001:00012A64       CheckForDuplicateUnits
 0001:00002F20       CheckJmp
 0001:00009E24       CheckMenuItem
 0002:00000CB0       Checks
 0001:000E8028       CheckSocketResult
 0001:0004FFC0       CheckTaskWindow
 0001:00090AC8       CheckToolMenuDropdown
 0001:000679F8       CheckUndock
 0001:00009E2C       ChildWindowFromPoint
 0001:0001D238       ChooseColor
 0001:0001D250       ChooseFont
 0001:00009A7C       Chord
 0002:00000C64       cItemAutoFlagToBoolean
 0002:00000C5C       cItemAutoFlagToMenu
 0002:00002720       ClassAliasList
 0001:00030868       Classes
 0001:00019338       ClassIDToProgID
 0002:0000271C       ClassList
 0001:00023908       ClassNotFound
 0002:00001470       Class_DColorPropPage
 0002:00001480       Class_DFontPropPage
 0002:00001490       Class_DPicturePropPage
 0002:000014A0       Class_DStringPropPage
 0002:00001738       CLASS_SharedPropertyGroupManager
 0002:00001718       CLASS_TransactionContext
 0002:00001728       CLASS_TransactionContextEx
 0001:000E818C       Cleanup
 0002:000023EC       ClearAnyProc
 0001:00031EAC       ClearColor
 0001:0001A250       ClearExcepInfo
 0001:000BD3FC       ClearItem
 0001:00009E34       ClientToScreen
 0001:000710BC       ClientToWindow
 0001:00049C48       Clipboard
 0002:000008E8       ClipboardFormats
 0001:00049CB4       Clipbrd
 0002:00001500       cLocalMenusIf
 0001:00009E3C       CloseClipboard
 0001:00009A84       CloseEnhMetaFile
 0001:00009704       CloseHandle
 0001:00000404       CloseHandle
 0001:00009A8C       CloseMetaFile
 0001:0001DE34       ClosePrinter
 0001:0001DE8C       CloseServiceHandle
 0001:0001DAB8       closesocket
 0001:00016284       CLSIDFromProgID
 0001:00016274       CLSIDFromString
 0002:000004C4       CLSID_CColorPropPage
 0002:000004B4       CLSID_CFontPropPage
 0002:000004F4       CLSID_ConvertVBX
 0002:000004D4       CLSID_CPicturePropPage
 0002:000004E4       CLSID_PersistPropset
 0002:00000524       CLSID_StdComponentCategoryMgr
 0002:00000504       CLSID_StdFont
 0002:00000434       CLSID_StdMarshal
 0002:00000514       CLSID_StdPicture
 0002:00002034       CmdLine
 0002:00002030       CmdShow
 0002:00000C58       cMenuAutoFlagToItem
 0002:0000053C       CoAddRefServerProcess
 0001:000C0870       CoAllocCStr
 0001:000C7B48       CoAllocMem
 0001:000C7B80       CoAllocString
 0001:0001628C       CoCreateGuid
 0001:00016264       CoCreateInstance
 0002:00000534       CoCreateInstanceEx
 0002:00001110       Codes
 0002:00001074       Codes
 0001:00016244       CoDisconnectObject
 0001:000C7B74       CoFreeMem
 0001:0001622C       CoGetClassObject
 0001:0001625C       CoGetInterfaceAndReleaseStream
 0002:0000054C       CoInitFlags
 0001:0001621C       CoInitialize
 0002:00000538       CoInitializeEx
 0001:00024670       CollectionsEqual
 0001:0001624C       CoLockObjectExternal
 0002:00001204       ColorIndex
 0002:000006B4       Colors
 0001:000DDA30       ColorToBorderColor
 0001:000323CC       ColorToIdent
 0001:0003231C       ColorToRGB
 0001:0003232C       ColorToString
 0002:000010D4       ColumnClicks
 0001:00016254       CoMarshalInterThreadInterfaceInStream
 0001:00009A94       CombineRgn
 0001:0002E790       CombineString
 0001:0002E80C       CombineWideString
 0002:000009E8       ComboBoxStyles
 0001:0001A424       ComClassManager
 0002:00002624       ComClassManagerVar
 0001:00016538       ComConst
 0002:00002638       ComCtl32DLL
 0002:000028BC       ComCtlVersion
 0001:000AD43C       ComCtrls
 0002:00002800       CommandPool
 0001:0001D0D8       Commctrl
 0001:0001D290       CommDlg
 0001:000009A8       Commit
 0002:00002498       committedRoot
 0002:00001158       CommonAVIId
 0001:0001A53C       ComObj
 0001:000B6554       CompareExtents
 0001:0005E678       CompareFront
 0001:0000C0D8       CompareMem
 0001:0000C0A8       CompareStr
 0001:0000970C       CompareString
 0001:0000C0F8       CompareText
 0002:0000169C       CompLib
 0002:00001684       ComponentClassList
 0001:0002946C       ComponentCreated
 0001:0001A7CC       Compound
 0001:00007B58       CompToCurrency
 0001:00007B34       CompToDouble
 0001:00035084       ComputeAldusChecksum
 0001:00082C2C       ComStrs
 0001:0001BA10       ConditionP
 0001:0001DAC0       connect
 0001:0001F424       Consts
 0001:0003BE30       Contnrs
 0002:00002812       ControlAtom
 0001:000743D8       Controls
 0001:000CA0F4       ControlWndProc
 0002:00000F74       ConversionFormatList
 0001:00010858       ConvertAddr
 0001:0002D940       ConvertBinary
 0001:0000EEA0       ConvertEraString
 0001:0000BEB4       ConvertError
 0001:0000BECC       ConvertErrorFmt
 0001:000A0B24       ConvertFlags
 0001:0002D7A4       ConvertHeader
 0001:0002E680       ConvertHeader
 0001:000A0994       ConvertMask
 0001:0002E2B4       ConvertObject
 0001:0002ED1C       ConvertObject
 0001:0002E620       ConvertOrderModifier
 0001:0002E21C       ConvertProperty
 0001:0002EC48       ConvertProperty
 0001:000A0B48       ConvertStates
 0001:0002DA10       ConvertValue
 0001:0002E888       ConvertValue
 0001:0000F00C       ConvertYearString
 0001:00006930       CopyArray
 0001:0002AF0C       CopyBinary
 0001:00038458       CopyBitmap
 0001:00038B18       CopyBitmapAsMask
 0001:0002AE7C       CopyBytes
 0001:000AFD2C       CopyData
 0001:00009A9C       CopyEnhMetaFile
 0001:00009E44       CopyIcon
 0001:00081320       CopyImage
 0001:00081B90       CopyImage
 0001:000D58DC       CopyKeys
 0001:0002AE30       CopyList
 0001:00038AB4       CopyPalette
 0001:0002ADC0       CopySetBody
 0001:000E4B90       CopyStreamToClipboard
 0001:00061508       CopyToBest
 0001:000E4B38       CopyToClipboard
 0001:000D57B4       CopyValues
 0001:00016234       CoRegisterClassObject
 0002:00000540       CoReleaseServerProcess
 0002:00000544       CoResumeClassObjects
 0001:0001623C       CoRevokeClassObject
 0001:0001AD24       Cosh
 0001:0001ACF0       CoshSinh
 0002:00000548       CoSuspendClassObjects
 0001:0001AAB8       Cotan
 0001:00016294       CoTaskMemAlloc
 0001:0001629C       CoTaskMemFree
 0001:00016224       CoUninitialize
 0001:0001182C       CountChars
 0001:00009E4C       CountClipboardFormats
 0002:00002780       CounterLock
 0001:000BD1DC       CountItem
 0001:000E6758       CPL
 0001:00009E54       CreateAcceleratorTable
 0001:0004BA44       CreateAction
 0002:00000AB8       CreateActionProc
 0001:00011128       CreateAssertException
 0001:000112C0       CreateAVObject
 0001:000162C4       CreateBindCtx
 0001:00009AA4       CreateBitmap
 0001:00009AAC       CreateBrushIndirect
 0001:0001976C       CreateClassID
 0001:000194C4       CreateComObject
 0001:00009AB4       CreateCompatibleBitmap
 0001:00009ABC       CreateCompatibleDC
 0001:000294EC       CreateComponent
 0001:000162A4       CreateDataAdviseHolder
 0001:00009AC4       CreateDC
 0001:00009AD4       CreateDIBitmap
 0001:00009ACC       CreateDIBSection
 0001:0000D9B4       CreateDir
 0001:00009714       CreateDirectory
 0001:000004A4       CreateDirectory
 0001:0007C5F0       CreateDockPos
 0001:00009ADC       CreateEnhMetaFile
 0001:000D0264       CreateEnum
 0001:000163E4       CreateErrorInfo
 0001:0000971C       CreateEvent
 0001:00009724       CreateFile
 0001:0000040C       CreateFileA
 0001:00009AE4       CreateFontIndirect
 0001:00038324       CreateGrayMappedBmp
 0001:0003833C       CreateGrayMappedRes
 0001:00009AEC       CreateHalftonePalette
 0001:00009AF4       CreateIC
 0001:00009E5C       CreateIcon
 0001:00016394       CreateILockBytesOnHGlobal
 0001:00011064       CreateInOutError
 0001:00037EB8       CreateMappedBmp
 0001:00038080       CreateMappedRes
 0001:00009E64       CreateMenu
 0001:000B0AE0       CreateMessageDialog
 0001:00009AFC       CreateMetaFile
 0001:00016364       CreateOleAdviseHolder
 0001:00019664       CreateOleObject
 0001:00009B04       CreatePalette
 0001:00009B0C       CreatePatternBrush
 0001:00009B14       CreatePen
 0001:00009B1C       CreatePenIndirect
 0001:00009E6C       CreatePopupMenu
 0001:000E61B0       CreateProxyClass
 0001:000E625C       CreateProxyMethod
 0001:00009B24       CreateRectRgn
 0001:00019364       CreateRegKey
 0001:000194FC       CreateRemoteComObject
 0001:000A3950       CreateResStream
 0001:000DFA6C       CreateSelectionList
 0001:0000972C       CreateSemaphore
 0001:0001DE94       CreateService
 0001:000EDC9C       CreateSharedPropertyGroup
 0001:000EDC38       CreateSharedPropertyGroupManager
 0001:00009B2C       CreateSolidBrush
 0001:0001639C       CreateStreamOnHGlobal
 0001:000E6450       CreateSubClass
 0001:000E64D4       CreateSubClass
 0001:000E65F0       CreateSubClassMethod
 0001:0003487C       CreateSystemPalette
 0001:00000484       CreateThread
 0001:00009734       CreateThread
 0001:000EDB70       CreateTransactionContext
 0001:000EDBD4       CreateTransactionContextEx
 0001:000D756C       CreateVCLComObject
 0002:000005DC       CreateVCLComObjectProc
 0001:0000A48C       CreateWindow
 0001:00009E74       CreateWindowEx
 0002:00000D40       CreationControl
 0002:00001258       CreationControl
 0002:00000A74       CSHREDRAW
 0002:00000ABC       Ctl3DBtnWndProc
 0002:00000AC4       Ctl3DCtlColorEx
 0002:00000AC0       Ctl3DDlgFramePaint
 0002:00000E3C       Ctl3DStyles
 0002:00000F54       Ctl3DStyles
 0001:000B6788       Ctrl
 0002:00002490       curAlloc
 0002:000024FC       CurrencyDecimals
 0002:000024F8       CurrencyFormat
 0002:000024F4       CurrencyString
 0001:00007B78       CurrencyToComp
 0002:000005D8       CurrentGroup
 0001:0000ED38       CurrentYear
 0001:0000E35C       CurrToStr
 0001:0000E3C4       CurrToStrF
 0002:00000B84       CursorMap
 0002:00000D50       Cursors
 0001:0006663C       CursorToIdent
 0001:000665AC       CursorToString
 0002:00000030       cwChop
 0001:0001A720       CycleToRad
 0002:00002948       DataFormats
 0001:000D461C       DataTypeToRegData
 0001:0000EB40       Date
 0002:000024FD       DateSeparator
 0001:0000D8E4       DateTimeToFileDate
 0001:0000F914       DateTimeToStr
 0001:0000F888       DateTimeToString
 0001:0000EA6C       DateTimeToSystemTime
 0001:0000E5B4       DateTimeToTimeStamp
 0001:0001D098       DateTime_GetMonthCal
 0001:0001D07C       DateTime_SetMonthCalColor
 0001:0001D060       DateTime_SetRange
 0001:0001D044       DateTime_SetSystemTime
 0001:0000F8E4       DateToStr
 0001:0000EB18       DayOfWeek
 0002:000006B0       DDBsOnly
 0001:0001D2C8       Ddeml
 0001:00050238       DeallocateHWnd
 0002:00000008       DebugHook
 0002:000024FB       DecimalSeparator
 0001:00006E3C       DecIndices
 0001:0000EA4C       DecodeDate
 0001:0000E734       DecodeTime
 0001:00000A3C       Decommit
 0001:00001058       DecommitFree
 0002:0000246C       decommittedRoot
 0001:00058C2C       Default
 0001:00053008       Default
 0002:00000000       Default8087CW
 0002:000013FC       DefaultBlank
 0002:00000D44       DefaultDockTreeClass
 0002:00000E8C       DefaultInsets
 0001:0009F468       DefaultListViewSort
 0001:000953E8       DefaultTreeViewSort
 0002:000008B4       DefBrushData
 0001:00009E94       DeferWindowPos
 0002:00000684       DefFontData
 0001:00009E7C       DefFrameProc
 0002:00000264       DefLongDayNames
 0002:00000218       DefLongMonthNames
 0001:00009E84       DefMDIChildProc
 0002:00000894       DefPenData
 0002:00000248       DefShortDayNames
 0002:000001E8       DefShortMonthNames
 0001:00009E8C       DefWindowProc
 0001:0001A670       DegToRad
 0001:000006F8       DeleteBlock
 0001:00000668       DeleteCriticalSection
 0001:0000973C       DeleteCriticalSection
 0001:00009B34       DeleteDC
 0001:00009B3C       DeleteEnhMetaFile
 0001:00009744       DeleteFile
 0001:0000CDAC       DeleteFile
 0001:00000414       DeleteFileA
 0001:00000EA0       DeleteFree
 0002:000005A4       DeleteMail
 0001:00009E9C       DeleteMenu
 0001:00009B44       DeleteMetaFile
 0001:00009B4C       DeleteObject
 0001:000193FC       DeleteRegKey
 0001:0001DE9C       DeleteService
 0002:00001698       DelphiIDE
 0001:0000965C       DeregisterEventSource
 0001:00037B7C       DeselectBitmap
 0001:00009EA4       DestroyAcceleratorTable
 0001:00009EAC       DestroyCursor
 0001:000E6390       DestroyHook
 0001:00009EB4       DestroyIcon
 0001:00081C98       DestroyLocals
 0001:00009EBC       DestroyMenu
 0001:000C065C       DestroyMetaPict
 0001:000E6234       DestroyProxyClass
 0001:000E62E8       DestroyProxyMethod
 0001:000E6510       DestroySubClass
 0001:000E6688       DestroySubClassMethod
 0001:00009EC4       DestroyWindow
 0002:000005B0       Details
 0001:000BCDB0       Detector
 0002:00001304       Devices
 0001:000AE8AC       DialogHook
 0002:000012B0       DialogOptions
 0001:000B16B4       Dialogs
 0002:00000914       DIBPalSizes
 0002:00000064       dig
 0002:000010FC       Directions
 0001:0004FE14       DisableTaskWindows
 0001:0000D810       DiskFree
 0001:0000D844       DiskSize
 0001:00019CC8       DispatchInvoke
 0001:0001A244       DispatchInvokeError
 0001:00009ECC       DispatchMessage
 0001:0005668C       DispatchShortCut
 0001:0001A260       DispCall
 0001:0001A348       DispCallByID
 0002:00000018       DispCallByIDProc
 0001:0001A170       DispCallError
 0001:000163BC       DispGetIDsOfNames
 0002:000014B0       DispIDArgs
 0002:000014CC       DispIDArgs
 0002:000014D0       DispInfo
 0001:000163C4       DispInvoke
 0001:0000BFE0       DisposeStr
 0001:000BC954       DisposeStrItem
 0002:000014BC       DispParams
 0001:0000BE98       DivMod
 0001:0001D300       Dlgs
 0001:00057F38       DoAlign
 0001:0006BD6C       DoAlign
 0001:000B8498       DoCalc
 0001:0006FF78       DoCalcConstraints
 0001:000B8500       DoCalcRightToLeft
 0001:000B8C6C       DoChange
 0002:0000283C       DockSiteList
 0001:00062348       DoClick
 0001:000B7610       DoColWidths
 0001:0006D2C0       DoControlMsg
 0001:0001DE3C       DocumentProperties
 0001:0004FDC4       DoDisableWindow
 0001:0006731C       DoDragOver
 0001:0000E7CC       DoEncodeDate
 0001:0000E64C       DoEncodeTime
 0001:0000BF4C       DoExitProc
 0001:00071BF8       DoFindControlZone
 0001:0004FF00       DoFindWindow
 0001:0007215C       DoFindZone
 0001:00071C7C       DoForEach
 0001:000734F0       DoGetNextLimit
 0001:000ED780       DoneApplication
 0001:0004FD8C       DoneApplication
 0001:00074204       DoneControls
 0001:00050090       DoneCtl3D
 0001:00011634       DoneExceptions
 0001:000D89B0       DoneMaskStates
 0001:000ECBF0       DoneServiceApplication
 0001:000547D4       DoNestedActivation
 0001:0006B9D0       DoPosition
 0001:00057D88       DoPosition
 0001:00072B70       DoPrune
 0001:00078528       DoRect
 0001:000B7654       DoRowHeights
 0001:00073020       DoSaveZone
 0001:0000974C       DosDateTimeToFileTime
 0001:00073224       DoSetNewBounds
 0001:000B70BC       DoSizeAdjust
 0001:0004B044       DoTile
 0002:000005C4       DotSep
 0001:0001B860       DoubleDecliningBalance
 0001:00007B48       DoubleToComp
 0001:000BA334       DoUpdate
 0002:00001198       DownMessage
 0002:00000F28       DownStyles
 0001:00036770       DoWrite
 0001:0005CE80       DoWrite
 0001:0003550C       DoWrite
 0001:000265A4       DoWrite
 0001:0006A6B0       DoWrite
 0001:000570B4       DoWriteHeight
 0001:0005704C       DoWriteHorizontalOffset
 0001:00057080       DoWriteVerticalOffset
 0001:00057024       DoWriteWidth
 0002:00002820       DragCapture
 0002:00002814       DragControl
 0001:00067A68       DragDone
 0001:000672CC       DragFindTarget
 0001:000672A0       DragFindWindow
 0002:0000281C       DragFreeObject
 0002:00002838       DragImageList
 0001:000676C0       DragInit
 0001:00067830       DragInitControl
 0001:00067224       DragMessage
 0002:00002818       DragObject
 0002:0000282C       DragSaveCursor
 0002:00002824       DragStartPos
 0002:0000100C       DragStyles
 0002:00002830       DragThreshold
 0001:000673EC       DragTo
 0001:00058C68       DrawAppIcon
 0001:000B79FC       DrawAxisLines
 0001:0007F620       DrawButtonFace
 0001:000B7C44       DrawCells
 0001:000726D4       DrawCloseButton
 0001:00009ED4       DrawEdge
 0001:00009EDC       DrawFocusRect
 0001:00009EE4       DrawFrameControl
 0001:0007DED4       DrawGrabber
 0001:0007272C       DrawGrabberLine
 0001:00009EEC       DrawIcon
 0001:00009EF4       DrawIconEx
 0002:00000C10       DrawingStyles
 0002:00000C28       DrawingStyles
 0001:000B7BB4       DrawLines
 0001:00009EFC       DrawMenuBar
 0001:00063AC4       DrawMenuItem
 0001:00009F04       DrawText
 0001:000E9174       DropStream
 0001:000E0A78       DsgnIntf
 0001:000E5974       DsgnWnds
 0001:0003434C       DupBits
 0001:00006DC0       DynArrayBounds
 0001:00006948       DynArrayClear
 0001:00006CE0       DynArrayDim
 0001:00006CC4       DynArrayElTypeInfo
 0001:00007168       DynArrayFromVariant
 0001:00006C64       DynArrayIndex
 0001:00006950       DynArraySetLength
 0001:00006CF8       DynArraySize
 0001:00006EA8       DynArrayToVariant
 0001:00006D68       DynArrayVariantBounds
 0001:00006E14       DynArrayVarType
 0002:00000D20       EdgeStyle
 0002:00000E2C       EdgeStyles
 0001:000E18B4       EditIntf
 0002:0000155C       EditorGroupList
 0002:00000FFC       EditStyles
 0002:0000108C       EditStyles
 0001:00011038       EHeapException.FreeInstance
 0001:00009B54       Ellipse
 0002:000009B4       Empty
 0002:0000105C       Empty
 0001:00009F0C       EmptyClipboard
 0002:00002418       EmptyParam
 0002:00000138       EmptyStr
 0001:00009F14       EnableMenuItem
 0002:00000CB8       Enables
 0001:00009F1C       EnableScrollBar
 0001:0004FEC8       EnableTaskWindows
 0001:00009F24       EnableWindow
 0001:0000E894       EncodeDate
 0001:0000E6BC       EncodeTime
 0001:00009F2C       EndDeferWindowPos
 0001:00009B5C       EndDoc
 0001:000241D4       EndGlobalLoading
 0001:00009B64       EndPage
 0001:00009F34       EndPaint
 0001:00003ADC       EndThread
 0001:00009754       EnterCriticalSection
 0001:00000658       EnterCriticalSection
 0001:0000975C       EnumCalendarInfoA
 0001:00009F3C       EnumClipboardFormats
 0001:000C7FA4       EnumDispatchProperties
 0002:000026E8       EnumDisplayMonitors
 0001:000104A4       EnumEraNames
 0001:000104E0       EnumEraYearOffsets
 0001:00009B6C       EnumFontFamiliesEx
 0001:00009B74       EnumFonts
 0001:0003CD88       EnumFontsProc
 0001:00057378       EnumFontsProc
 0001:000077EC       EnumModules
 0001:000077FC       EnumModules
 0001:00057410       EnumMonitorsProc
 0001:0001DE44       EnumPrinters
 0001:0004BA0C       EnumRegisteredActions
 0002:00000AB4       EnumRegisteredActionsProc
 0001:00007824       EnumResourceModules
 0001:000077F4       EnumResourceModules
 0001:0000C978       EnumStringModules
 0001:00009764       EnumSystemLocales
 0001:00009F44       EnumThreadWindows
 0001:00028D90       EnumValue
 0001:00009F4C       EnumWindows
 0001:00019188       EOleException.Create
 0001:000190B8       EOleSysError.Create
 0001:00009F54       EqualRect
 0002:000025C0       EraNames
 0001:0000FB94       EraToYear
 0002:000025DC       EraYearOffsets
 0002:0000005C       errCaption
 0001:000DC2A8       Error
 0001:0005E390       Error
 0001:00028418       Error
 0001:00001D3C       Error
 0002:00002044       ErrorAddr
 0001:000110E4       ErrorHandler
 0002:00000280       ErrorMap
 0002:00002004       ErrorProc
 0001:00010840       ExceptAddr
 0002:00002008       ExceptClsProc
 0001:00011558       ExceptHandler
 0001:00010AD0       Exception.Create
 0001:00010B0C       Exception.CreateFmt
 0001:00010DB0       Exception.CreateFmtHelp
 0001:00010D68       Exception.CreateHelp
 0001:00010C04       Exception.CreateRes
 0001:00010B8C       Exception.CreateRes
 0001:00010C40       Exception.CreateResFmt
 0001:00010CD4       Exception.CreateResFmt
 0001:00010F9C       Exception.CreateResFmtHelp
 0001:00010F00       Exception.CreateResFmtHelp
 0001:00010E38       Exception.CreateResHelp
 0001:00010EB8       Exception.CreateResHelp
 0002:00002010       ExceptionClass
 0001:00010864       ExceptionErrorMessage
 0002:000016A8       ExceptionHandler
 0002:000002B8       ExceptMap
 0001:00010828       ExceptObject
 0002:0000200C       ExceptObjProc
 0002:00002000       ExceptProc
 0001:000D0D84       Exchange
 0001:00009B7C       ExcludeClipRect
 0001:00011A1C       ExcludeTrailingBackslash
 0002:0000203C       ExitCode
 0001:000038D0       ExitDll
 0002:00002040       ExitProc
 0001:00000494       ExitProcess
 0001:000094EC       ExitProcessTLS
 0002:000001B0       ExitProcList
 0001:0000048C       ExitThread
 0001:000094C4       ExitThreadTLS
 0001:000BCB14       ExpandDir
 0001:0000D0C8       ExpandFileName
 0001:0000D360       ExpandUNCFileName
 0001:000AEB78       ExplorerHook
 0001:000E2274       Exptintf
 0001:00009B84       ExtCreatePen
 0001:0007EA74       ExtCtrls
 0001:000D82F4       ExtDlgs
 0002:00000A54       ExtendSelects
 0001:00009B8C       ExtFloodFill
 0001:000DF9CC       ExtractComponent
 0001:0000CF58       ExtractFileDir
 0001:0000CFB4       ExtractFileDrive
 0001:0000D080       ExtractFileExt
 0001:0000D048       ExtractFileName
 0001:000AF148       ExtractFileName
 0001:000AF190       ExtractFileNames
 0001:0000CF24       ExtractFilePath
 0001:0000D3E8       ExtractFilePathNoDrive
 0001:000DF8A0       ExtractPersistent
 0001:0000D4BC       ExtractRelativePath
 0001:0000D674       ExtractShortPathName
 0001:000247A4       ExtractStrings
 0001:00009B94       ExtTextOut
 0001:000163F8       Failed
 0002:000027C0       FClipboard
 0001:0001DA90       FD_SET
 0001:0001DAA0       FD_ZERO
 0001:0003C02C       FetchStr
 0002:00001688       FGroupNotifyList
 0001:0000CB5C       FileAge
 0001:0000CB54       FileClose
 0001:0000CA94       FileCreate
 0001:0000D878       FileDateToDateTime
 0001:0000CBC4       FileExists
 0002:000008EC       FileFormats
 0001:0000CC7C       FileGetAttr
 0001:0000CBD4       FileGetDate
 0001:000E19B0       FileIntf
 0002:0000204E       FileMode
 0001:0000CA54       FileOpen
 0001:0000CAB8       FileRead
 0002:000005E0       FilerSignature
 0001:0000D6AC       FileSearch
 0001:0000CB1C       FileSeek
 0001:0000CB10       FileSeek
 0001:0000CC90       FileSetAttr
 0001:0000CC24       FileSetDate
 0001:0000976C       FileTimeToDosDateTime
 0001:00009774       FileTimeToLocalFileTime
 0001:0000CAE4       FileWrite
 0001:00000F88       FillAfterGap
 0001:00000F34       FillBeforeGap
 0001:000B79A8       FillDWord
 0001:00001020       FillerSizeAfterGap
 0001:00000FB0       FillerSizeBeforeGap
 0001:00009F5C       FillRect
 0002:000008C4       FillStyles
 0002:00000F30       FillStyles
 0001:000CEC10       Finalization
 0001:00074384       Finalization
 0001:00016468       Finalization
 0001:00016508       Finalization
 0001:0005AD30       Finalization
 0001:0005D3BC       Finalization
 0001:000E1980       Finalization
 0001:000D3890       Finalization
 0001:0001DECC       Finalization
 0001:000B4AFC       Finalization
 0001:0003D5D4       Finalization
 0001:000D6D3C       Finalization
 0001:000D7594       Finalization
 0001:000E4F2C       Finalization
 0001:000D82C4       Finalization
 0001:000AD3C4       Finalization
 0001:000EDD18       Finalization
 0001:000D8AEC       Finalization
 0001:0001A4BC       Finalization
 0001:0001DE54       Finalization
 0001:000E20C4       Finalization
 0001:000ED7C0       Finalization
 0001:0001DDFC       Finalization
 0001:0001DDC4       Finalization
 0001:000C4F60       Finalization
 0001:0001DD8C       Finalization
 0001:000E3DE0       Finalization
 0001:000C4DEC       Finalization
 0001:000B1658       Finalization
 0001:000307B0       Finalization
 0001:0001DD54       Finalization
 0001:0001C574       Finalization
 0001:00063DB0       Finalization
 0001:000E2244       Finalization
 0001:0001DBC8       Finalization
 0001:000EB288       Finalization
 0001:0001DB90       Finalization
 0001:000E6E48       Finalization
 0001:00081D30       Finalization
 0001:000BF54C       Finalization
 0001:000BF46C       Finalization
 0001:0001D3B0       Finalization
 0001:000E6948       Finalization
 0001:0001D0A8       Finalization
 0001:0001D0E0       Finalization
 0001:0001D378       Finalization
 0001:0001D118       Finalization
 0001:0001D150       Finalization
 0001:0001D188       Finalization
 0001:0001D1F0       Finalization
 0001:0001D260       Finalization
 0001:000E6728       Finalization
 0001:0001D298       Finalization
 0001:0001D340       Finalization
 0001:0001D2D0       Finalization
 0001:000E66D0       Finalization
 0001:0001D308       Finalization
 0001:0007EA44       Finalization
 0001:0001E230       Finalization
 0001:00009624       Finalization
 0001:0000A5B8       Finalization
 0001:0000A900       Finalization
 0001:000E09F4       Finalization
 0001:00082BFC       Finalization
 0001:000092AC       Finalization
 0001:00082ABC       Finalization
 0001:0001E9DC       Finalization
 0001:000E0BE0       Finalization
 0001:0001EA1C       Finalization
 0001:0001EA54       Finalization
 0001:0001F3F4       Finalization
 0001:0003BE00       Finalization
 0001:00049164       Finalization
 0001:0001DA00       Finalization
 0001:0003B340       Finalization
 0001:0001DA58       Finalization
 0001:00021014       Finalization
 0001:000145D8       Finalization
 0001:000E6090       Finalization
 0001:00014798       Finalization
 0001:00049C78       Finalization
 0001:000E1884       Finalization
 0001:000EEC0C       Finalization
 0001:000BDEB4       Finalization
 0001:000D4294       Finalization
 0001:000E5944       Finalization
 0001:0004C4F0       Finalization
 0001:000E597C       Finalization
 0001:0004B160       Finalization
 0001:00006940       FinalizeArray
 0001:00012B30       FinalizePackage
 0001:0006215C       Find
 0001:000D0D8C       Find
 0001:0002B600       FindAncestor
 0001:00007434       FindBS
 0001:000A8140       FindButton
 0001:00023A24       FindClass
 0001:00007408       FindClassHInstance
 0001:0000CD90       FindClose
 0001:0000977C       FindClose
 0001:000004AC       FindClose
 0001:0001250C       FindCmdLineSwitch
 0001:00000F04       FindCommitted
 0001:000A8DBC       FindControl
 0001:000663CC       FindControl
 0001:00072364       FindControlAtPos
 0001:00067D14       FindDragTarget
 0001:0002969C       FindExistingComponent
 0001:0000CD1C       FindFirst
 0001:000004B4       FindFirstFile
 0001:00009784       FindFirstFile
 0001:0005000C       FindGlobalComponent
 0002:00002714       FindGlobalComponent
 0001:000073E0       FindHInstance
 0001:00023FB8       FindIdentToInt
 0001:00023F34       FindIntToIdent
 0001:0001287C       FindLibModule
 0001:0000CCB8       FindMatchingFile
 0001:000D0228       FindMember
 0002:000028EC       FindMsg
 0001:000286CC       FindNestedComponent
 0001:0000CD6C       FindNext
 0002:00000598       FindNext
 0001:0000978C       FindNextFile
 0002:0000131C       FindOptions
 0001:0005E35C       FindPopupControl
 0001:000E62C0       FindProxyMethod
 0001:000B02B4       FindReplaceDialogHook
 0001:000B0200       FindReplaceWndProc
 0001:00009794       FindResource
 0001:00007410       FindResourceHInstance
 0001:00026254       FindRootDesigner
 0001:0005A654       FindScanline
 0001:0000C9A0       FindStringResource
 0001:000ED4F4       FindSwitch
 0001:0001D240       FindText
 0001:0004FF64       FindTopMostWindow
 0001:0002A56C       FindUniqueName
 0001:00067CE0       FindVCLWindow
 0001:00009F64       FindWindow
 0001:00009F6C       FindWindowEx
 0001:00003598       FInitUnits
 0002:000011EC       FixedBmpStyles
 0002:000011F4       FixedSizeStyles
 0002:000011C4       FixedStyles
 0001:0003840C       FixupBitFields
 0002:00000D30       Flags
 0002:0000260C       FLanguages
 0001:0001E260       FlatSB
 0002:00002698       FlatSB_EnableScrollBar
 0002:000026A4       FlatSB_GetScrollInfo
 0002:000026A8       FlatSB_GetScrollPos
 0001:0001DF04       FlatSB_GetScrollProp
 0002:000026A0       FlatSB_GetScrollRange
 0002:000026B0       FlatSB_SetScrollInfo
 0002:000026AC       FlatSB_SetScrollPos
 0001:0001DF34       FlatSB_SetScrollProp
 0002:000026B4       FlatSB_SetScrollRange
 0002:0000269C       FlatSB_ShowScrollBar
 0002:000011A8       FlatStyles
 0001:000142D5       FloatToDecimal
 0001:0000E32C       FloatToStr
 0001:0000E38C       FloatToStrF
 0001:00013D32       FloatToText
 0001:00014002       FloatToTextFmt
 0001:0001AB88       Floor
 0001:0003C1D4       Flush
 0001:0000979C       FlushFileBuffers
 0002:000001DC       FMSecsPerDay
 0001:0000C9F8       FmtLoadStr
 0001:0000E264       FmtStr
 0002:00000AD0       FocusCount
 0002:00000ACC       FocusMessages
 0002:00000804       FontCharsets
 0002:000028F0       FontDialog
 0001:000AF788       FontDialogHook
 0002:00002798       FontManager
 0002:00001504       FontNamePropertyDisplayFontNames
 0002:000012C4       FontOptions
 0001:000CF63C       FontToOleFont
 0002:00001254       ForceCurrentDirectory
 0001:0004FFE0       ForegroundTask
 0001:0000E250       Format
 0002:000001E4       Format
 0001:0000DDF0       FormatBuf
 0001:0000DDE4       FormatClearStr
 0001:0000E49C       FormatCurr
 0001:0000F928       FormatDateTime
 0001:0000DD78       FormatError
 0002:000001D4       FormatErrorStrs
 0001:0000E3FC       FormatFloat
 0001:000B2BCC       FormatMaskText
 0001:000097A4       FormatMessage
 0002:0000123C       Formats
 0001:0000DDD0       FormatVarToStr
 0001:0005AD84       Forms
 0001:000B676C       ForwardMovement
 0001:00008C7C       FPower10
 0002:00000964       FPrinter
 0001:000785EC       Frame3D
 0001:00009F74       FrameRect
 0001:00013584       FreeAndNil
 0002:000005A8       FreeBuffer
 0001:00000C70       FreeCommitted
 0001:00001178       FreeCurAlloc
 0002:000029A8       FreeCustomModulesProc
 0001:00067DD4       FreeDeviceContext
 0001:00067E90       FreeDeviceContexts
 0001:0007C674       FreeDockPos
 0001:000DF23C       FreeEditorGroup
 0001:0003073C       FreeIntConstList
 0001:000BD8C8       FreeItem
 0001:000097AC       FreeLibrary
 0001:000004BC       FreeLibrary
 0001:0000940C       FreeLibrary
 0001:000CFE34       FreeList
 0001:00007BA0       FreeMemory
 0001:00037AD0       FreeMemoryContexts
 0001:000E6358       FreeMethod
 0001:000E6368       FreeMethods
 0001:00050160       FreeObjectInstance
 0001:000C7B30       FreeObjectList
 0001:000C7B0C       FreeObjects
 0001:000097CC       FreeResource
 0001:0007A4D0       FreeSection
 0001:000008F0       FreeSpace
 0001:00012FAC       FreeTerminateProcs
 0001:0002F118       FreeThreadWindow
 0001:0001AB14       Frexp
 0002:000028B8       FRichEditModule
 0002:000010EC       FullString
 0001:00094E0C       FullWindowUpdate
 0001:0001BD68       FutureValue
 0001:000130C8       GDAL
 0001:0003433C       GDICheck
 0001:00034294       GDIError
 0001:00009B9C       GdiFlush
 0001:000163CC       GetActiveObject
 0001:000196AC       GetActiveOleObject
 0001:00009F7C       GetActiveWindow
 0001:000584D4       GetAnimation
 0001:000B07F4       GetAveCharSize
 0001:0007F890       GetBitBtnGlyph
 0001:00009BA4       GetBitmapBits
 0001:00000670       GetBlockDesc
 0001:00009BAC       GetBrushOrgEx
 0001:00009F84       GetCapture
 0001:000666E4       GetCaptureControl
 0001:000325D4       GetCharsetValues
 0001:00023974       GetClass
 0001:00009F8C       GetClassInfo
 0001:00009F94       GetClassName
 0001:00009F9C       GetClientRect
 0001:00009FA4       GetClipboardData
 0001:00036038       GetClipboardFormats
 0001:000E4D14       GetClipboardStream
 0001:00009BB4       GetClipBox
 0001:0000060C       GetCmdShow
 0001:0005B08C       GetColor
 0001:000323A8       GetColorValues
 0001:000909C4       GetComCtlVersion
 0001:000004C4       GetCommandLine
 0001:00000ABC       GetCommitted
 0001:00000B4C       GetCommittedAt
 0001:000DF0E4       GetComponentEditor
 0001:000DECA4       GetComponentProperties
 0001:0002C414       GetComponentValue
 0001:000097DC       GetComputerName
 0001:0006CE04       GetControlAtPos
 0001:0000EDFC       GetCount
 0001:000097D4       GetCPInfo
 0001:0000D974       GetCurrentDir
 0001:000004CC       GetCurrentDirectory
 0001:000097E4       GetCurrentDirectory
 0001:00009BBC       GetCurrentPositionEx
 0001:000097EC       GetCurrentProcessId
 0001:00007BC8       GetCurrentThreadId
 0001:000097F4       GetCurrentThreadId
 0001:0000A3F8       GetCurrentTime
 0001:00009FAC       GetCursor
 0001:0005A664       GetCursorHeightMargin
 0001:00009FB4       GetCursorPos
 0001:00066618       GetCursorValues
 0001:000DD734       GetCustomColors
 0001:000AF52C       GetCustomColorsArray
 0001:0000EE28       GetDate
 0001:000097FC       GetDateFormat
 0001:0000FAB8       GetDateOrder
 0001:00009FBC       GetDC
 0001:00009FC4       GetDCEx
 0001:00009BC4       GetDCOrgEx
 0001:0003AF4C       GetDefFontCharSet
 0001:000261BC       GetDesigner
 0001:00009FCC       GetDesktopWindow
 0001:00009BDC       GetDeviceCaps
 0001:0003529C       GetDIB
 0001:00009BCC       GetDIBColorTable
 0001:00009BD4       GetDIBits
 0001:000351E4       GetDIBSizes
 0001:000344AC       GetDInColors
 0001:00009804       GetDiskFreeSpaceA
 0002:000001AC       GetDiskFreeSpaceEx
 0001:000C7BEC       GetDispatchPropValue
 0001:000C08DC       GetDisplayNameStr
 0001:000AB3BC       GetDisplaySize
 0001:00009FD4       GetDlgItem
 0001:000735B0       GetDockAlign
 0001:00067078       GetDockSiteAtPos
 0001:00009FDC       GetDoubleClickTime
 0001:00067358       GetDropCtl
 0001:00002C7C       GetDynaMethod
 0001:000DEA90       GetEditorClass
 0001:00009BE4       GetEnhMetaFileBits
 0001:00009BEC       GetEnhMetaFileDescription
 0001:00009BF4       GetEnhMetaFileHeader
 0001:00009BFC       GetEnhMetaFilePaletteEntries
 0001:00020200       GetEnumName
 0001:000202E0       GetEnumNameValue
 0001:000206AC       GetEnumProp
 0001:0001FA4C       GetEnumProp
 0001:0002032C       GetEnumValue
 0001:00010558       GetEraNamesAndYearOffsets
 0001:0000FB40       GetEraYearOffset
 0001:000163DC       GetErrorInfo
 0001:000C8458       GetEventButton
 0001:000C8440       GetEventShift
 0001:000112AC       GetExceptionClass
 0001:0001148C       GetExceptionObject
 0001:0000980C       GetExitCodeThread
 0001:00023A44       GetFieldClass
 0001:000238FC       GetFieldClassTable
 0001:00009814       GetFileAttributes
 0001:00036018       GetFileFormats
 0001:0000042C       GetFileSize
 0001:0000981C       GetFileTime
 0001:0000041C       GetFileType
 0001:00009A4C       GetFileVersionInfo
 0001:00009A54       GetFileVersionInfoSize
 0001:00028CBC       GetFixupInstanceNames
 0001:00028A54       GetFixupReferenceNames
 0001:0001FBE0       GetFloatProp
 0001:00020D94       GetFloatProp
 0001:00009FE4       GetFocus
 0001:000C81F8       GetFontAccess
 0001:00032618       GetFontData
 0001:00009FEC       GetForegroundWindow
 0001:00011DCC       GetFormatSettings
 0001:000C0894       GetFullNameStr
 0001:00009824       GetFullPathName
 0001:00031BA8       GetHashCode
 0001:000019A4       GetHeapStatus
 0001:0001638C       GetHGlobalFromILockBytes
 0001:000582C0       GetHint
 0001:000582F0       GetHintControl
 0001:0001DB38       gethostbyaddr
 0001:0001DB40       gethostbyname
 0001:0001DB50       gethostname
 0001:00063C50       GetHotkey
 0001:00009FF4       GetIconInfo
 0001:00019FF8       GetIDsOfNames
 0001:000A608C       GetImageBitmap
 0001:0001FCFC       GetInt64Prop
 0001:00020FB0       GetInt64Prop
 0001:0000A00C       GetKeyboardLayout
 0001:0000A014       GetKeyboardLayoutList
 0001:0000A01C       GetKeyboardState
 0001:000028D8       GetKeyboardType
 0001:000C8408       GetKeyModifiers
 0001:00009FFC       GetKeyNameText
 0001:0000A004       GetKeyState
 0001:0000A024       GetLastActivePopup
 0001:0000982C       GetLastError
 0001:000004D4       GetLastError
 0001:0009F0C4       GetLength
 0001:0001031C       GetLocaleChar
 0001:00013678       GetLocaleDataA
 0001:00013640       GetLocaleDataW
 0001:000004DC       GetLocaleInfo
 0001:0000984C       GetLocaleInfo
 0001:0000983C       GetLocaleInfoA
 0001:00009844       GetLocaleInfoW
 0001:000102D0       GetLocaleStr
 0001:00009834       GetLocalTime
 0001:000666A0       GetLongHint
 0001:00020B70       GetLongStrProp
 0001:00007B90       GetMemory
 0001:00001CB0       GetMemoryManager
 0001:0000A02C       GetMenu
 0001:00055140       GetMenuHelpContext
 0001:0000A034       GetMenuItemCount
 0001:0000A03C       GetMenuItemID
 0001:0000A044       GetMenuItemInfo
 0001:00060788       GetMenuSize
 0001:0000A04C       GetMenuState
 0001:0000A054       GetMenuString
 0001:0000A05C       GetMessage
 0001:0000A064       GetMessagePos
 0001:0000A06C       GetMessageTime
 0001:0001FCA4       GetMethodProp
 0001:00020F38       GetMethodProp
 0001:00009854       GetModuleFileName
 0001:000004E4       GetModuleFileName
 0001:00009414       GetModuleFileName
 0001:0000985C       GetModuleHandle
 0001:000004EC       GetModuleHandle
 0001:000126B8       GetModuleName
 0002:000026E4       GetMonitorInfo
 0002:000026DC       GetMonitorInfoA
 0002:000026E0       GetMonitorInfoW
 0001:00010380       GetMonthDayNames
 0001:0000A074       GetNextWindow
 0001:00009C04       GetObject
 0001:000EDAD4       GetObjectContext
 0002:00001748       GetObjectContextProc
 0001:000209D8       GetObjectProp
 0001:0001FB08       GetObjectProp
 0001:00020A40       GetObjectPropClass
 0001:0001FB60       GetObjectPropClass
 0001:000C8298       GetOleFont
 0001:000C8350       GetOlePicture
 0001:000CE8DC       GetOleStrings
 0001:0001D228       GetOpenFileName
 0001:000205DC       GetOrdProp
 0001:0001F9F8       GetOrdProp
 0001:00009864       GetOverlappedResult
 0001:00012D7C       GetPackageDescription
 0001:00012C58       GetPackageInfo
 0001:00009C0C       GetPaletteEntries
 0001:00002018       GetParamStr
 0001:0000A07C       GetParent
 0001:000503AC       GetParentForm
 0001:0001DAC8       getpeername
 0001:000C8248       GetPictureAccess
 0001:00009C14       GetPixel
 0001:000AFBB4       GetPrinter
 0001:0000986C       GetPrivateProfileString
 0001:000004F4       GetProcAddress
 0001:00009874       GetProcAddress
 0001:0000987C       GetProfileInt
 0001:00009884       GetProfileString
 0001:0000A084       GetProp
 0001:0001F92C       GetPropInfo
 0001:000203AC       GetPropInfo
 0001:00020340       GetPropInfo
 0001:0001F90C       GetPropInfo
 0001:000203E4       GetPropInfos
 0001:000204E0       GetPropList
 0001:0001FD68       GetPropValue
 0001:0005087C       GetRealScrollPosition
 0001:00019414       GetRegStringValue
 0001:0005B06C       GetRGBColor
 0001:00009C1C       GetRgnBox
 0001:0001D230       GetSaveFileName
 0001:0000A08C       GetScrollInfo
 0001:0000A094       GetScrollPos
 0001:0000A09C       GetScrollRange
 0001:0001DB48       getservbyname
 0001:00020720       GetSetProp
 0001:0001FAA4       GetSetProp
 0001:0009097C       GetShellModule
 0001:0006665C       GetShortHint
 0001:000C08B8       GetShortNameStr
 0001:0000988C       GetShortPathName
 0001:00020A68       GetShortStrProp
 0001:00020B00       GetShortStrPropAsLongStr
 0001:0001DAD0       getsockname
 0001:0001DAD8       getsockopt
 0001:00000814       GetSpace
 0001:00000878       GetSpaceAt
 0001:0005E420       GetSpecialName
 0001:000004FC       GetStartupInfo
 0001:00000434       GetStdHandle
 0001:00009C24       GetStockObject
 0001:000D1B0C       GetStringResult
 0001:00020D28       GetStrProp
 0001:0001FB88       GetStrProp
 0001:0000A0A4       GetSubMenu
 0001:0000A0AC       GetSysColor
 0001:00009894       GetSystemDefaultLCID
 0001:0000989C       GetSystemInfo
 0001:0000A0B4       GetSystemMenu
 0002:000026CC       GetSystemMetrics
 0001:0000A0BC       GetSystemMetrics
 0001:00009C2C       GetSystemPaletteEntries
 0001:00000424       GetSystemTime
 0001:00009C3C       GetTextExtentPoint
 0001:00009C34       GetTextExtentPoint32
 0001:00009C44       GetTextMetrics
 0001:00000504       GetThreadLocale
 0001:000098A4       GetThreadLocale
 0001:000098AC       GetThreadPriority
 0001:000098B4       GetTickCount
 0001:0000EE60       GetTime
 0001:000589E4       GetTopMostWindows
 0001:000667EC       GetTopParent
 0001:000B0438       GetTopWindow
 0001:0000A0C4       GetTopWindow
 0001:000201F4       GetTypeData
 0001:0000D104       GetUniversalName
 0001:0000A0CC       GetUpdateRect
 0001:000098BC       GetUserDefaultLCID
 0001:000062F4       GetVarArray
 0001:0001FC4C       GetVariantProp
 0001:00020EB8       GetVariantProp
 0001:000C0900       GetVCLFrameForm
 0001:000098C4       GetVersion
 0001:000098CC       GetVersionEx
 0001:00020C04       GetWideStrProp
 0001:00020C84       GetWideStrPropAsLongStr
 0001:0000A0D4       GetWindow
 0001:0000A0DC       GetWindowDC
 0001:0000A0E4       GetWindowLong
 0001:00009C54       GetWindowOrgEx
 0001:0000A0EC       GetWindowPlacement
 0001:0000A0F4       GetWindowRect
 0001:0000A0FC       GetWindowText
 0001:0000A104       GetWindowThreadProcessId
 0001:00009C4C       GetWinMetaFileBits
 0001:000098D4       GlobalAddAtom
 0001:000098DC       GlobalAlloc
 0001:0000A404       GlobalAllocPtr
 0001:000098E4       GlobalDeleteAtom
 0002:00002728       GlobalFixupList
 0001:00028814       GlobalFixupReferences
 0001:000098EC       GlobalFree
 0001:0000A430       GlobalFreePtr
 0001:000098FC       GlobalHandle
 0001:000098F4       GlobalLock
 0002:00002710       GlobalNameSpace
 0001:00009904       GlobalReAlloc
 0001:0000A414       GlobalReAllocPtr
 0001:0000990C       GlobalSize
 0001:00009914       GlobalUnlock
 0002:00000F20       GlyphCache
 0001:0001A6C8       GradToRad
 0001:0003AE40       GraphicExtension
 0001:0003AEC8       GraphicFileMask
 0001:0003ADF0       GraphicFilter
 0001:0003B414       Graphics
 0002:000008F4       Grays
 0001:000B60F4       GridRect
 0001:000BDEE4       Grids
 0002:000011FC       GripperStyles
 0002:00000FC4       GripStyles
 0001:000192B0       GUIDToString
 0002:000003A4       GUID_NULL
 0002:000003B4       GUID_OLE_COLOR
 0001:000C7AE0       HandleException
 0001:00029D64       HandleException
 0001:00017364       HandleSafeCallException
 0001:00049B90       HasAPicture
 0001:000C7F10       HasMember
 0001:00043840       HasPopup
 0002:0000141C       HatchBits
 0002:00000FD4       HeaderStyles
 0001:0001C730       Header_GetItem
[...]
 0002:00000ADC       TaskFirstTopMost
 0002:00000AE0       TaskWindowList
 0002:00000AE4       BlockCode
 0002:00000AE8       UtilWindowClass
 0002:00000B10       SysConsts
 0002:00000B18       SysConsts
 0002:00000B20       Props
 0002:00000B48       Styles
 0002:00000B54       BorderStyles
 0002:00000B5C       ShowCommands
 0002:00000B68       ShowCommands
 0002:00000B74       ShowCommands
 0002:00000B80       TileParams
 0002:00000B84       CursorMap
 0002:00000BD8       WindowClass
 0002:00000C00       AppVisible
 0002:00000C04       ShowFlags
 0002:00000C08       Mask
 0002:00000C10       DrawingStyles
 0002:00000C20       Images
 0002:00000C28       DrawingStyles
 0002:00000C38       Images
 0002:00000C40       Images
 0002:00000C48       ResMap
 0002:00000C54       ValidMenuHotkeys
 0002:00000C58       cMenuAutoFlagToItem
 0002:00000C5C       cItemAutoFlagToMenu
 0002:00000C60       cBooleanToItemAutoFlag
 0002:00000C64       cItemAutoFlagToBoolean
 0002:00000C68       MenuKeyCaps
 0002:00000CB0       Checks
 0002:00000CB8       Enables
 0002:00000CC0       Breaks
 0002:00000CCC       Separators
 0002:00000CD4       IBreaks
 0002:00000CE0       IChecks
 0002:00000CE8       IDefaults
 0002:00000CF0       IEnables
 0002:00000CF8       IRadios
 0002:00000D00       ISeparators
 0002:00000D08       IRTL
 0002:00000D10       IOwnerDraw
 0002:00000D18       Alignments
 0002:00000D20       EdgeStyle
 0002:00000D28       Alignments
 0002:00000D30       Flags
 0002:00000D3C       Buttons
 0002:00000D40       CreationControl
 0002:00000D44       DefaultDockTreeClass
 0002:00000D48       AnchorAlign
 0002:00000D50       Cursors
 0002:00000E00       CaptureControl
 0002:00000E04       ShowFlags
 0002:00000E08       WindowPos
 0002:00000E0C       InnerStyles
 0002:00000E1C       OuterStyles
 0002:00000E2C       EdgeStyles
 0002:00000E3C       Ctl3DStyles
 0002:00000E44       OrientArray
 0002:00000E4C       MakeLast
 0002:00000E54       TreeStreamEndFlag
 0002:00000E58       SizeCursors
 0002:00000E60       IMM32DLL
 0002:00000E64       ModeMap
 0002:00000E6C       BorderStyles
 0002:00000E74       Alignments
 0002:00000E80       Registered
 0002:00000E84       BorderStyles
 0002:00000E8C       DefaultInsets
 0002:00000E9C       BitBtnResNames
 0002:00000EC8       BitBtnCaptions
 0002:00000EF4       BitBtnModalResults
 0002:00000F20       GlyphCache
 0002:00000F24       ButtonCount
 0002:00000F28       DownStyles
 0002:00000F30       FillStyles
 0002:00000F38       NewState
 0002:00000F3C       InnerStyles
 0002:00000F48       OuterStyles
 0002:00000F54       Ctl3DStyles
 0002:00000F5C       RTFConversionFormat
 0002:00000F68       TextConversionFormat
 0002:00000F74       ConversionFormatList
 0002:00000F78       RTL
 0002:00000F80       RTL
 0002:00000F88       RTL
 0002:00000F90       AlignStyles
 0002:00000FB0       TabStyles
 0002:00000FBC       RRStyles
 0002:00000FC4       GripStyles
 0002:00000FCC       RTLReading
 0002:00000FD4       HeaderStyles
 0002:00000FDC       BorderStyles
 0002:00000FE4       LineStyles
 0002:00000FEC       RootStyles
 0002:00000FF4       ButtonStyles
 0002:00000FFC       EditStyles
 0002:00001004       HideSelections
 0002:0000100C       DragStyles
 0002:00001014       RTLStyles
 0002:0000101C       ToolTipStyles
 0002:00001024       AutoExpandStyles
 0002:0000102C       HotTrackStyles
 0002:00001034       RowSelectStyles
 0002:0000103C       OrientationStyle
 0002:00001044       TickStyles
 0002:00001050       ATickMarks
 0002:0000105C       Empty
 0002:00001060       HideScrollBars
 0002:00001068       HideSelections
 0002:00001070       Painting
 0002:00001074       Codes
 0002:00001084       BorderStyles
 0002:0000108C       EditStyles
 0002:00001094       MultiSelections
 0002:0000109C       HideSelections
 0002:000010A4       Arrangements
 0002:000010AC       AutoArrange
 0002:000010B4       WrapText
 0002:000010BC       ViewStyles
 0002:000010CC       ShowColumns
 0002:000010D4       ColumnClicks
 0002:000010DC       ViewStyles
 0002:000010EC       FullString
 0002:000010F4       Wraps
 0002:000010FC       Directions
 0002:00001110       Codes
 0002:00001128       IAlignment
 0002:00001140       CenterStyles
 0002:00001148       TimerStyles
 0002:00001150       TransparentStyles
 0002:00001158       CommonAVIId
 0002:0000117C       ButtonStates
 0002:0000118C       ButtonStyles
 0002:00001198       DownMessage
 0002:000011A0       ListStyles
 0002:000011A8       FlatStyles
 0002:000011B0       TransparentStyles
 0002:000011B8       InitDone
 0002:000011BC       BandBorderStyles
 0002:000011C4       FixedStyles
 0002:000011CC       HeightStyles
 0002:000011D4       VerticalStyles
 0002:000011DC       BorderStyles
 0002:000011E4       BreakStyles
 0002:000011EC       FixedBmpStyles
 0002:000011F4       FixedSizeStyles
 0002:000011FC       GripperStyles
 0002:00001204       ColorIndex
 0002:0000121C       ShowTodayFlags
 0002:00001224       ShowTodayCircleFlags
 0002:0000122C       WeekNumFlags
 0002:00001234       MultiSelFlags
 0002:0000123C       Formats
 0002:00001244       OrientationStyle
 0002:0000124C       ButtonPos
 0002:00001254       ForceCurrentDirectory
 0002:00001258       CreationControl
 0002:0000125C       WndProcPtrAtom
 0002:00001260       OpenOptions
 0002:000012B0       DialogOptions
 0002:000012C4       FontOptions
 0002:00001304       Devices
 0002:00001310       PrintRanges
 0002:0000131C       FindOptions
 0002:00001350       Captions
 0002:00001364       IconIDs
 0002:00001378       ButtonNames
 0002:000013A4       ButtonCaptions
 0002:000013D0       ModalResults
 0002:000013FC       DefaultBlank
 0002:00001400       MaskFieldSeparator
 0002:00001404       MaskNoSave
 0002:00001408       ArrowKey
 0002:0000140C       SPAIndexMask
 0002:00001410       SPASecShift
 0002:00001414       Values
 0002:0000141C       HatchBits
 0002:0000142C       Alignments
 0002:00001430       LIBID_StdVCL
 0002:00001440       IID_IProvider
 0002:00001450       IID_IStrings
 0002:00001460       IID_IDataBroker
 0002:00001470       Class_DColorPropPage
 0002:00001480       Class_DFontPropPage
 0002:00001490       Class_DPicturePropPage
 0002:000014A0       Class_DStringPropPage
 0002:000014B0       DispIDArgs
 0002:000014B4       ShiftMap
 0002:000014BC       DispParams
 0002:000014CC       DispIDArgs
 0002:000014D0       DispInfo
 0002:000014D8       ShiftMap
 0002:000014E0       MouseMap
 0002:000014E8       ButtonMap
 0002:000014F0       Values
 0002:000014F8       MakeIPersistentProc
 0002:000014FC       MakeIComponentProc
 0002:00001500       cLocalMenusIf
 0002:00001504       FontNamePropertyDisplayFontNames
 0002:00001508       MaxIdentLength
 0002:0000150C       BaseRegistryKey
 0002:00001510       PropClassMap
 0002:00001558       PropertyClassList
 0002:0000155C       EditorGroupList
 0002:00001560       PropertyMapperList
 0002:00001564       InternalPropertyCategoryList
 0002:00001568       Precisions
 0002:0000157C       ModalResults
 0002:000015A8       ShortCuts
 0002:00001684       ComponentClassList
 0002:00001688       FGroupNotifyList
 0002:0000168C       LibraryExpertProc
 0002:00001690       ToolServices
 0002:00001694       LibraryWizardProc
 0002:00001698       DelphiIDE
 0002:0000169C       CompLib
 0002:000016A0       ShowCommands
 0002:000016A8       ExceptionHandler
 0002:000016AC       Application
 0002:000016B0       ActionStr
 0002:000016C4       NTServiceType
 0002:000016D0       NTStartType
 0002:000016E4       NTErrorSeverity
 0002:000016F4       LastStatus
 0002:000016F8       NTServiceStatus
 0002:00001714       PendingStatus
 0002:00001718       CLASS_TransactionContext
 0002:00001728       CLASS_TransactionContextEx
 0002:00001738       CLASS_SharedPropertyGroupManager
 0002:00001748       GetObjectContextProc
 0002:0000174C       SafeRefProc
 0002:00001750       MtsProcsLoaded
 0002:00001754       MultiCaster
 0002:00002000       ExceptProc
 0002:00002004       ErrorProc
 0002:00002008       ExceptClsProc
 0002:0000200C       ExceptObjProc
 0002:00002010       ExceptionClass
 0002:00002014       SafeCallErrorProc
 0002:00002018       AssertErrorProc
 0002:0000201C       AbstractErrorProc
 0002:00002020       HPrevInst
 0002:00002024       MainInstance
 0002:00002028       MainThreadID
 0002:0000202C       IsLibrary
 0002:00002030       CmdShow
 0002:00002034       CmdLine
 0002:00002038       InitProc
 0002:0000203C       ExitCode
 0002:00002040       ExitProc
 0002:00002044       ErrorAddr
 0002:00002048       RandSeed
 0002:0000204C       IsConsole
 0002:0000204D       IsMultiThread
 0002:0000204E       FileMode
 0002:0000204F       Test8086
 0002:00002050       Test8087
 0002:00002051       TestFDIV
 0002:00002054       Input
 0002:00002220       Output
 0002:000023EC       ClearAnyProc
 0002:000023F0       ChangeAnyProc
 0002:000023F4       RefAnyProc
 0002:000023F8       Unassigned
 0002:00002408       Null
 0002:00002418       EmptyParam
 0002:00002428       AllocMemCount
 0002:0000242C       AllocMemSize
 0002:00002430       .3
 0002:00002434       initialized
 0002:00002438       heapErrorCode
 0002:0000243C       heapLock
 0002:00002454       blockDescBlockList
 0002:00002458       blockDescFreeList
 0002:0000245C       spaceRoot
 0002:0000246C       decommittedRoot
 0002:0000247C       avail
 0002:00002488       rover
 0002:0000248C       remBytes
 0002:00002490       curAlloc
 0002:00002494       smallTab
 0002:00002498       committedRoot
 0002:000024A8       InitContext
 0002:000024D4       ModuleIsLib
 0002:000024D5       ModuleIsPackage
 0002:000024D6       ModuleIsCpp
 0002:000024D8       TlsIndex
 0002:000024E0       HInstance
 0002:000024E4       .1
 0002:000024E8       TlsBuffer
 0002:000024EC       .3
 0002:000024F0       .1
 0002:000024F4       CurrencyString
 0002:000024F8       CurrencyFormat
 0002:000024F9       NegCurrFormat
 0002:000024FA       ThousandSeparator
 0002:000024FB       DecimalSeparator
 0002:000024FC       CurrencyDecimals
 0002:000024FD       DateSeparator
 0002:00002500       ShortDateFormat
 0002:00002504       LongDateFormat
 0002:00002508       TimeSeparator
 0002:0000250C       TimeAMString
 0002:00002510       TimePMString
 0002:00002514       ShortTimeFormat
 0002:00002518       LongTimeFormat
 0002:0000251C       ShortMonthNames
 0002:0000254C       LongMonthNames
 0002:0000257C       ShortDayNames
 0002:00002598       LongDayNames
 0002:000025B4       SysLocale
 0002:000025C0       EraNames
 0002:000025DC       EraYearOffsets
 0002:000025F8       ListSeparator
 0002:000025FC       .44
 0002:00002600       OutOfMemory
 0002:00002604       InvalidPointer
 0002:00002608       Reserved
 0002:0000260C       FLanguages
 0002:00002610       .1
 0002:00002614       .3
 0002:00002618       .1
 0002:0000261C       .61
 0002:00002620       OleUninitializing
 0002:00002624       ComClassManagerVar
 0002:00002628       SaveInitProc
 0002:0000262C       NeedToUninitialize
 0002:00002630       .2
 0002:00002634       .1
 0002:00002638       ComCtl32DLL
 0002:0000263C       _InitCommonControlsEx
 0002:00002640       .1
 0002:00002644       .1
 0002:00002648       .1
 0002:0000264C       .1
 0002:00002650       .1
 0002:00002654       .1
 0002:00002658       .1
 0002:0000265C       .1
 0002:00002660       .1
 0002:00002664       .1
 0002:00002668       .1
 0002:0000266C       .1
 0002:00002670       .1
 0002:00002674       .7
 0002:00002678       .1
 0002:0000267C       .1
 0002:00002680       .1
 0002:00002684       .1
 0002:00002688       .1
 0002:0000268C       .1
 0002:00002690       .3
 0002:00002694       .1
 0002:00002698       FlatSB_EnableScrollBar
 0002:0000269C       FlatSB_ShowScrollBar
 0002:000026A0       FlatSB_GetScrollRange
 0002:000026A4       FlatSB_GetScrollInfo
 0002:000026A8       FlatSB_GetScrollPos
 0002:000026AC       FlatSB_SetScrollPos
 0002:000026B0       FlatSB_SetScrollInfo
 0002:000026B4       FlatSB_SetScrollRange
 0002:000026B8       .1
 0002:000026BC       _FlatSB_GetScrollProp
 0002:000026C0       _FlatSB_SetScrollProp
 0002:000026C4       _InitializeFlatSB
 0002:000026C8       _UninitializeFlatSB
 0002:000026CC       GetSystemMetrics
 0002:000026D0       MonitorFromWindow
 0002:000026D4       MonitorFromRect
 0002:000026D8       MonitorFromPoint
 0002:000026DC       GetMonitorInfoA
 0002:000026E0       GetMonitorInfoW
 0002:000026E4       GetMonitorInfo
 0002:000026E8       EnumDisplayMonitors
 0002:000026EC       .1
 0002:000026F0       User32Dll
 0002:000026F4       InitApis
 0002:000026FC       MMAvailable
 0002:00002700       .1
 0002:00002704       .1
 0002:00002708       .1
 0002:0000270C       .5
 0002:00002710       GlobalNameSpace
 0002:00002714       FindGlobalComponent
 0002:00002718       .84
 0002:0000271C       ClassList
 0002:00002720       ClassAliasList
 0002:00002724       IntConstList
 0002:00002728       GlobalFixupList
 0002:0000272C       ThreadLock
 0002:00002744       ThreadWindow
 0002:00002748       ThreadCount
 0002:0000274C       SystemPalette16
 0002:00002750       .81
 0002:00002754       ScreenLogPixels
 0002:00002758       StockPen
 0002:0000275C       StockBrush
 0002:00002760       StockFont
 0002:00002764       StockIcon
 0002:00002768       BitmapImageLock
 0002:00002780       CounterLock
 0002:00002798       FontManager
 0002:0000279C       PenManager
 0002:000027A0       BrushManager
 0002:000027A4       CanvasList
 0002:000027A8       PatternManager
 0002:000027AC       .9
 0002:000027B0       .3
 0002:000027B4       .22
 0002:000027B8       CF_PICTURE
 0002:000027BA       CF_COMPONENT
 0002:000027BC       .2
 0002:000027C0       FClipboard
 0002:000027C4       .02
 0002:000027C8       .7
 0002:000027CC       Application
 0002:000027D0       Screen
 0002:000027D4       .51
 0002:000027D8       InstBlockList
 0002:000027DC       InstFreeList
 0002:000027E0       HintThreadID
 0002:000027E4       HintDoneEvent
 0002:000027E8       HintHook
 0002:000027EC       HintThread
 0002:000027F0       .3
 0002:000027F4       PopupList
 0002:000027F8       ShortCutItems
 0002:000027FC       .9
 0002:00002800       CommandPool
 0002:00002804       Mouse
 0002:00002808       NewStyleControls
 0002:0000280C       .22
 0002:00002810       WindowAtom
 0002:00002812       ControlAtom
 0002:00002814       DragControl
 0002:00002818       DragObject
 0002:0000281C       DragFreeObject
 0002:00002820       DragCapture
 0002:00002824       DragStartPos
 0002:0000282C       DragSaveCursor
 0002:00002830       DragThreshold
 0002:00002834       ActiveDrag
 0002:00002838       DragImageList
 0002:0000283C       DockSiteList
 0002:00002840       QualifyingSites
 0002:00002844       CanvasList
 0002:00002848       _WINNLSEnableIME
 0002:0000284C       _ImmGetContext
 0002:00002850       _ImmReleaseContext
 0002:00002854       _ImmGetConversionStatus
 0002:00002858       _ImmSetConversionStatus
 0002:0000285C       _ImmSetOpenStatus
 0002:00002860       _ImmSetCompositionWindow
 0002:00002864       _ImmSetCompositionFont
 0002:00002868       _ImmGetCompositionString
 0002:0000286C       _ImmIsIME
 0002:00002870       _ImmNotifyIME
 0002:00002874       .61
 0002:00002878       .3
 0002:0000287C       BitBtnGlyphs
 0002:000028A8       .4
 0002:000028AC       .1
 0002:000028B0       .45
 0002:000028B4       ShellModule
 0002:000028B8       FRichEditModule
 0002:000028BC       ComCtlVersion
 0002:000028C0       ToolMenuHook
 0002:000028C4       MenuToolBar
 0002:000028C8       MenuToolBar2
 0002:000028CC       MenuButtonIndex
 0002:000028D0       LastMenuItem
 0002:000028D4       LastMousePos
 0002:000028DC       StillModal
 0002:000028E0       ToolMenuKeyHook
 0002:000028E4       .01
 0002:000028E8       HelpMsg
 0002:000028EC       FindMsg
 0002:000028F0       FontDialog
 0002:000028F4       ButtonWidths
 0002:00002920       .6
 0002:00002924       .9
 0002:00002928       .4
 0002:0000292C       .1
 0002:00002930       .3
 0002:00002934       PixPerInch
 0002:0000293C       CFObjectDescriptor
 0002:00002940       CFEmbeddedObject
 0002:00002944       CFLinkSource
 0002:00002948       DataFormats
 0002:00002970       .1
 0002:00002974       .02
 0002:00002978       xParkingWindow
 0002:0000297C       OlePro32DLL
 0002:00002980       _OleCreatePropertyFrame
 0002:00002984       _OleCreateFontIndirect
 0002:00002988       _OleCreatePictureIndirect
 0002:0000298C       _OleLoadPicture
 0002:00002990       .5
 0002:00002994       .3
 0002:00002998       .5
 0002:0000299C       .2
 0002:000029A0       .3
 0002:000029A4       .2
 0002:000029A8       FreeCustomModulesProc
 0002:000029AC       RegisterCustomModuleProc
 0002:000029B0       .45
 0002:000029B4       .2
 0002:000029B8       .51
 0002:000029BC       .2
 0002:000029C0       .5
 0002:000029C4       .3
 0002:000029C8       BorlandIDEServices
 0002:000029CC       .3
 0002:000029D0       CF_COMPONENTS
 0002:000029D4       .9
 0002:000029D8       .2
 0002:000029DC       .1
 0002:000029E0       .5
 0002:000029E4       .1
 0002:000029E8       MethodNumbers
 0002:000029EC       ProxyList
 0002:000029F0       .1
 0002:000029F4       .1
 0002:000029F8       .6
 0002:000029FC       .41
 0002:00002A00       WSAData
 0002:00002B90       .7
 0002:00002B94       .1
 0002:00002B98       .3


Line numbers for OleServer(oleserver.pas) segment .text

    45 0001:000D3954   106 0001:000D3A8C   115 0001:000D3C2C   116 0001:000D3C47
   117 0001:000D3C50   118 0001:000D3C75   122 0001:000D3C7C   123 0001:000D3C80
   125 0001:000D3C92   126 0001:000D3C97   128 0001:000D3C99   130 0001:000D3CB3
   131 0001:000D3CC3   132 0001:000D3CC8   134 0001:000D3CCA   135 0001:000D3CD4
   138 0001:000D3CEC   139 0001:000D3CF0   140 0001:000D3D05   141 0001:000D3D0B
   142 0001:000D3D17   145 0001:000D3D1C   146 0001:000D3D20   147 0001:000D3D35
   148 0001:000D3D3B   149 0001:000D3D47   153 0001:000D3D4C   154 0001:000D3D50
   155 0001:000D3D57   156 0001:000D3D5F   159 0001:000D3D64   160 0001:000D3D68
   161 0001:000D3D6F   162 0001:000D3D79   166 0001:000D3D80   167 0001:000D3D84
   168 0001:000D3D8E   176 0001:000D3D94   178 0001:000D3DAE   180 0001:000D3DB7
   182 0001:000D3DD1   183 0001:000D3DE8   182 0001:000D3E10   185 0001:000D3E15
   187 0001:000D3E2F   189 0001:000D3E47   190 0001:000D3E72   193 0001:000D3E7C
   194 0001:000D3E85   195 0001:000D3E8D   196 0001:000D3E96   197 0001:000D3E9C
   198 0001:000D3EA3   202 0001:000D3EA8   203 0001:000D3EC3   205 0001:000D3ED0
   209 0001:000D3ED8   211 0001:000D3EE1   212 0001:000D3F11   215 0001:000D3F18
   217 0001:000D3F29   219 0001:000D3F31   220 0001:000D3F3C   222 0001:000D3F57
   223 0001:000D3F60   224 0001:000D3F7C   227 0001:000D3F80   228 0001:000D3F87
   231 0001:000D3F8F   232 0001:000D3F98   233 0001:000D3FA4   234 0001:000D3FAC
   237 0001:000D3FB0   239 0001:000D3FBF   245 0001:000D3FC4   246 0001:000D3FEF
   248 0001:000D4012   252 0001:000D4025   253 0001:000D403F   255 0001:000D404F
   257 0001:000D40A2   262 0001:000D40BE   263 0001:000D40DE   267 0001:000D40EE
   269 0001:000D413F   272 0001:000D4144   273 0001:000D4150   274 0001:000D4175
   277 0001:000D417C   278 0001:000D4188   279 0001:000D419F   282 0001:000D41A4
   284 0001:000D41AD   285 0001:000D41B6   287 0001:000D41BC   288 0001:000D41C8
   291 0001:000D41CC   293 0001:000D41D8   294 0001:000D41E1   297 0001:000D41E8
   300 0001:000D41F1   301 0001:000D41FD   303 0001:000D4203   304 0001:000D420F
   307 0001:000D4214   308 0001:000D4220   309 0001:000D4229   313 0001:000D4230
   314 0001:000D4234   315 0001:000D4246   317 0001:000D424D   318 0001:000D4257
   321 0001:000D425C   322 0001:000D4260   323 0001:000D4266   324 0001:000D4272
   327 0001:000D4278   328 0001:000D427C   329 0001:000D4282   330 0001:000D428E
   332 0001:000D42C4   332 0001:000D42CB

Bound resource files

controls.res
buttons.res
extdlgs.res
vcl50.res
C:\TEMP\dtf6E5.tmp


Program entry point at 0001:000EEF60
